Component: ARM Compiler 5.06 update 6 (build 750) Tool: armlink [4d35ed]

==============================================================================

Memory Map of the image

  Image Entry point : 0x0001b0c1

  Load Region LR_IROM1 (Base: 0x0001b000, Size: 0x00023f24, Max: 0x00025000, ABSOLUTE, COMPRESSED[0x00023478])

    Execution Region ER_IROM1 (Base: 0x0001b000, Size: 0x000233e8, Max: 0x00025000, ABSOLUTE)

    Base Addr    Size         Type   Attr      Idx    E Section Name        Object

    0x0001b000   0x000000c0   Data   RO        26331    RESET               BUILD/NRF51_DK/ARM/mbed-os/targets/TARGET_NORDIC/TARGET_NRF5x/TARGET_NRF51/TARGET_MCU_NRF51822_UNIFIED/device/TOOLCHAIN_ARM_STD/TARGET_MCU_NORDIC_32K/startup_nRF51822.o
    0x0001b0c0   0x00000008   Code   RO        28225  * !!!main             C:\Keil_v5\ARM\ARMCC\bin\..\lib\armlib\c_p.l(__main.o)
    0x0001b0c8   0x0000003c   Code   RO        29875    !!!scatter          C:\Keil_v5\ARM\ARMCC\bin\..\lib\armlib\c_p.l(__scatter.o)
    0x0001b104   0x0000001c   Code   RO        29877    !!handler_zi        C:\Keil_v5\ARM\ARMCC\bin\..\lib\armlib\c_p.l(__scatter_zi.o)
    0x0001b120   0x00000002   Code   RO        28096    .ARM.Collect$$_printf_percent$$00000000  C:\Keil_v5\ARM\ARMCC\bin\..\lib\armlib\c_p.l(_printf_percent.o)
    0x0001b122   0x0000000a   Code   RO        28648    .ARM.Collect$$_printf_percent$$00000001  C:\Keil_v5\ARM\ARMCC\bin\..\lib\armlib\c_p.l(_printf_n.o)
    0x0001b12c   0x0000000a   Code   RO        28092    .ARM.Collect$$_printf_percent$$00000002  C:\Keil_v5\ARM\ARMCC\bin\..\lib\armlib\c_p.l(_printf_p.o)
    0x0001b136   0x0000000a   Code   RO        28095    .ARM.Collect$$_printf_percent$$00000003  C:\Keil_v5\ARM\ARMCC\bin\..\lib\armlib\c_p.l(_printf_f.o)
    0x0001b140   0x0000000a   Code   RO        28651    .ARM.Collect$$_printf_percent$$00000004  C:\Keil_v5\ARM\ARMCC\bin\..\lib\armlib\c_p.l(_printf_e.o)
    0x0001b14a   0x0000000a   Code   RO        28652    .ARM.Collect$$_printf_percent$$00000005  C:\Keil_v5\ARM\ARMCC\bin\..\lib\armlib\c_p.l(_printf_g.o)
    0x0001b154   0x0000000a   Code   RO        28653    .ARM.Collect$$_printf_percent$$00000006  C:\Keil_v5\ARM\ARMCC\bin\..\lib\armlib\c_p.l(_printf_a.o)
    0x0001b15e   0x0000000a   Code   RO        28658    .ARM.Collect$$_printf_percent$$00000007  C:\Keil_v5\ARM\ARMCC\bin\..\lib\armlib\c_p.l(_printf_ll.o)
    0x0001b168   0x0000000a   Code   RO        28650    .ARM.Collect$$_printf_percent$$00000008  C:\Keil_v5\ARM\ARMCC\bin\..\lib\armlib\c_p.l(_printf_i.o)
    0x0001b172   0x0000000a   Code   RO        28093    .ARM.Collect$$_printf_percent$$00000009  C:\Keil_v5\ARM\ARMCC\bin\..\lib\armlib\c_p.l(_printf_d.o)
    0x0001b17c   0x0000000a   Code   RO        28094    .ARM.Collect$$_printf_percent$$0000000A  C:\Keil_v5\ARM\ARMCC\bin\..\lib\armlib\c_p.l(_printf_u.o)
    0x0001b186   0x0000000a   Code   RO        28649    .ARM.Collect$$_printf_percent$$0000000B  C:\Keil_v5\ARM\ARMCC\bin\..\lib\armlib\c_p.l(_printf_o.o)
    0x0001b190   0x0000000a   Code   RO        28091    .ARM.Collect$$_printf_percent$$0000000C  C:\Keil_v5\ARM\ARMCC\bin\..\lib\armlib\c_p.l(_printf_x.o)
    0x0001b19a   0x0000000a   Code   RO        28655    .ARM.Collect$$_printf_percent$$0000000D  C:\Keil_v5\ARM\ARMCC\bin\..\lib\armlib\c_p.l(_printf_lli.o)
    0x0001b1a4   0x0000000a   Code   RO        28656    .ARM.Collect$$_printf_percent$$0000000E  C:\Keil_v5\ARM\ARMCC\bin\..\lib\armlib\c_p.l(_printf_lld.o)
    0x0001b1ae   0x0000000a   Code   RO        28657    .ARM.Collect$$_printf_percent$$0000000F  C:\Keil_v5\ARM\ARMCC\bin\..\lib\armlib\c_p.l(_printf_llu.o)
    0x0001b1b8   0x0000000a   Code   RO        28662    .ARM.Collect$$_printf_percent$$00000010  C:\Keil_v5\ARM\ARMCC\bin\..\lib\armlib\c_p.l(_printf_llo.o)
    0x0001b1c2   0x0000000a   Code   RO        28663    .ARM.Collect$$_printf_percent$$00000011  C:\Keil_v5\ARM\ARMCC\bin\..\lib\armlib\c_p.l(_printf_llx.o)
    0x0001b1cc   0x0000000a   Code   RO        28659    .ARM.Collect$$_printf_percent$$00000012  C:\Keil_v5\ARM\ARMCC\bin\..\lib\armlib\c_p.l(_printf_l.o)
    0x0001b1d6   0x0000000a   Code   RO        28647    .ARM.Collect$$_printf_percent$$00000013  C:\Keil_v5\ARM\ARMCC\bin\..\lib\armlib\c_p.l(_printf_c.o)
    0x0001b1e0   0x0000000a   Code   RO        28090    .ARM.Collect$$_printf_percent$$00000014  C:\Keil_v5\ARM\ARMCC\bin\..\lib\armlib\c_p.l(_printf_s.o)
    0x0001b1ea   0x0000000a   Code   RO        28660    .ARM.Collect$$_printf_percent$$00000015  C:\Keil_v5\ARM\ARMCC\bin\..\lib\armlib\c_p.l(_printf_lc.o)
    0x0001b1f4   0x0000000a   Code   RO        28661    .ARM.Collect$$_printf_percent$$00000016  C:\Keil_v5\ARM\ARMCC\bin\..\lib\armlib\c_p.l(_printf_ls.o)
    0x0001b1fe   0x00000004   Code   RO        28654    .ARM.Collect$$_printf_percent$$00000017  C:\Keil_v5\ARM\ARMCC\bin\..\lib\armlib\c_p.l(_printf_percent_end.o)
[...]
    0x00031d44   0x00000014   Code   RO        13104    i.mbedtls_gcm_free  BUILD/NRF51_DK/ARM/mbed-os/features/mbedtls/src/gcm.o
    0x00031d58   0x0000000c   Code   RO        13105    i.mbedtls_gcm_init  BUILD/NRF51_DK/ARM/mbed-os/features/mbedtls/src/gcm.o
    0x00031d64   0x0000019c   Code   RO        13107    i.mbedtls_gcm_setkey  BUILD/NRF51_DK/ARM/mbed-os/features/mbedtls/src/gcm.o
    0x00031f00   0x00000120   Code   RO        13109    i.mbedtls_gcm_update  BUILD/NRF51_DK/ARM/mbed-os/features/mbedtls/src/gcm.o
    0x00032020   0x00000450   Code   RO        12654    i.mbedtls_internal_aes_decrypt  BUILD/NRF51_DK/ARM/mbed-os/features/mbedtls/src/aes.o
    0x00032470   0x00000450   Code   RO        12655    i.mbedtls_internal_aes_encrypt  BUILD/NRF51_DK/ARM/mbed-os/features/mbedtls/src/aes.o
    0x000328c0   0x00000010   Code   RO        13407    i.mbedtls_platform_zeroize  BUILD/NRF51_DK/ARM/mbed-os/features/mbedtls/src/platform_util.o
    0x000328d0   0x00000040   Code   RO        26392    i.nrf_drv_adc_init  BUILD/NRF51_DK/ARM/mbed-os/targets/TARGET_NORDIC/TARGET_NRF5x/TARGET_NRF51/TARGET_MCU_NRF51822_UNIFIED/sdk/drivers_nrf/adc/nrf_drv_adc.o
    0x00032910   0x00000080   Code   RO        26395    i.nrf_drv_adc_sample_convert  BUILD/NRF51_DK/ARM/mbed-os/targets/TARGET_NORDIC/TARGET_NRF5x/TARGET_NRF51/TARGET_MCU_NRF51822_UNIFIED/sdk/drivers_nrf/adc/nrf_drv_adc.o
    0x00032990   0x00000024   Code   RO        27239    i.nrf_drv_clock_on_soc_event  BUILD/NRF51_DK/ARM/mbed-os/targets/TARGET_NORDIC/TARGET_NRF5x/TARGET_SDK_11/drivers_nrf/clock/nrf_drv_clock.o
    0x000329b4   0x00000080   Code   RO        27261    i.nrf_drv_common_irq_enable  BUILD/NRF51_DK/ARM/mbed-os/targets/TARGET_NORDIC/TARGET_NRF5x/TARGET_SDK_11/drivers_nrf/common/nrf_drv_common.o
    0x00032a34   0x0000006c   Code   RO        27262    i.nrf_drv_common_per_res_acquire  BUILD/NRF51_DK/ARM/mbed-os/targets/TARGET_NORDIC/TARGET_NRF5x/TARGET_SDK_11/drivers_nrf/common/nrf_drv_common.o
    0x00032aa0   0x00000028   Code   RO        27263    i.nrf_drv_common_per_res_release  BUILD/NRF51_DK/ARM/mbed-os/targets/TARGET_NORDIC/TARGET_NRF5x/TARGET_SDK_11/drivers_nrf/common/nrf_drv_common.o
    0x00032ac8   0x00000078   Code   RO        27285    i.nrf_drv_gpiote_in_event_disable  BUILD/NRF51_DK/ARM/mbed-os/targets/TARGET_NORDIC/TARGET_NRF5x/TARGET_SDK_11/drivers_nrf/gpiote/nrf_drv_gpiote.o
    0x00032b40   0x000000cc   Code   RO        27286    i.nrf_drv_gpiote_in_event_enable  BUILD/NRF51_DK/ARM/mbed-os/targets/TARGET_NORDIC/TARGET_NRF5x/TARGET_SDK_11/drivers_nrf/gpiote/nrf_drv_gpiote.o
    0x00032c0c   0x000000e8   Code   RO        27287    i.nrf_drv_gpiote_in_init  BUILD/NRF51_DK/ARM/mbed-os/targets/TARGET_NORDIC/TARGET_NRF5x/TARGET_SDK_11/drivers_nrf/gpiote/nrf_drv_gpiote.o
    0x00032cf4   0x000000c4   Code   RO        27289    i.nrf_drv_gpiote_in_uninit  BUILD/NRF51_DK/ARM/mbed-os/targets/TARGET_NORDIC/TARGET_NRF5x/TARGET_SDK_11/drivers_nrf/gpiote/nrf_drv_gpiote.o
    0x00032db8   0x00000060   Code   RO        27290    i.nrf_drv_gpiote_init  BUILD/NRF51_DK/ARM/mbed-os/targets/TARGET_NORDIC/TARGET_NRF5x/TARGET_SDK_11/drivers_nrf/gpiote/nrf_drv_gpiote.o
    0x00032e18   0x00000100   Code   RO        27293    i.nrf_drv_gpiote_out_init  BUILD/NRF51_DK/ARM/mbed-os/targets/TARGET_NORDIC/TARGET_NRF5x/TARGET_SDK_11/drivers_nrf/gpiote/nrf_drv_gpiote.o
    0x00032f18   0x00000074   Code   RO        27301    i.nrf_drv_gpiote_out_uninit  BUILD/NRF51_DK/ARM/mbed-os/targets/TARGET_NORDIC/TARGET_NRF5x/TARGET_SDK_11/drivers_nrf/gpiote/nrf_drv_gpiote.o
    0x00032f8c   0x00000144   Code   RO        27473    i.nrf_drv_spi_init  BUILD/NRF51_DK/ARM/mbed-os/targets/TARGET_NORDIC/TARGET_NRF5x/TARGET_SDK_11/drivers_nrf/spi_master/nrf_drv_spi.o
    0x000330d0   0x0000001a   Code   RO        27474    i.nrf_drv_spi_transfer  BUILD/NRF51_DK/ARM/mbed-os/targets/TARGET_NORDIC/TARGET_NRF5x/TARGET_SDK_11/drivers_nrf/spi_master/nrf_drv_spi.o
    0x000330ea   0x00000002   PAD
    0x000330ec   0x00000074   Code   RO        27475    i.nrf_drv_spi_uninit  BUILD/NRF51_DK/ARM/mbed-os/targets/TARGET_NORDIC/TARGET_NRF5x/TARGET_SDK_11/drivers_nrf/spi_master/nrf_drv_spi.o
    0x00033160   0x00000168   Code   RO        27476    i.nrf_drv_spi_xfer  BUILD/NRF51_DK/ARM/mbed-os/targets/TARGET_NORDIC/TARGET_NRF5x/TARGET_SDK_11/drivers_nrf/spi_master/nrf_drv_spi.o
    0x000332c8   0x00000064   Code   RO        27491    i.nrf_drv_spis_buffers_set  BUILD/NRF51_DK/ARM/mbed-os/targets/TARGET_NORDIC/TARGET_NRF5x/TARGET_SDK_11/drivers_nrf/spi_slave/nrf_drv_spis.o
    0x0003332c   0x00000154   Code   RO        27492    i.nrf_drv_spis_init  BUILD/NRF51_DK/ARM/mbed-os/targets/TARGET_NORDIC/TARGET_NRF5x/TARGET_SDK_11/drivers_nrf/spi_slave/nrf_drv_spis.o
    0x00033480   0x00000064   Code   RO        27493    i.nrf_drv_spis_uninit  BUILD/NRF51_DK/ARM/mbed-os/targets/TARGET_NORDIC/TARGET_NRF5x/TARGET_SDK_11/drivers_nrf/spi_slave/nrf_drv_spis.o
    0x000334e4   0x0000001c   Code   RO        26465    i.nrf_reloc_vector_table  BUILD/NRF51_DK/ARM/mbed-os/targets/TARGET_NORDIC/TARGET_NRF5x/TARGET_NRF51/reloc_vector_table.o
    0x00033500   0x0000010c   Code   RO        25026    i.open              BUILD/NRF51_DK/ARM/mbed-os/platform/mbed_retarget.o
    0x0003360c   0x0000002c   Code   RO        25681    i.osDelay           BUILD/NRF51_DK/ARM/mbed-os/rtos/TARGET_CORTEX/rtx5/RTX/Source/rtx_delay.o
    0x00033638   0x0000002c   Code   RO        25694    i.osEventFlagsDelete  BUILD/NRF51_DK/ARM/mbed-os/rtos/TARGET_CORTEX/rtx5/RTX/Source/rtx_evflags.o
    0x00033664   0x0000002c   Code   RO        25697    i.osEventFlagsNew   BUILD/NRF51_DK/ARM/mbed-os/rtos/TARGET_CORTEX/rtx5/RTX/Source/rtx_evflags.o
    0x00033690   0x00000050   Code   RO        25698    i.osEventFlagsSet   BUILD/NRF51_DK/ARM/mbed-os/rtos/TARGET_CORTEX/rtx5/RTX/Source/rtx_evflags.o
    0x000336e0   0x00000094   Code   RO        25699    i.osEventFlagsWait  BUILD/NRF51_DK/ARM/mbed-os/rtos/TARGET_CORTEX/rtx5/RTX/Source/rtx_evflags.o
    0x00033774   0x00000034   Code   RO        25752    i.osKernelGetState  BUILD/NRF51_DK/ARM/mbed-os/rtos/TARGET_CORTEX/rtx5/RTX/Source/rtx_kernel.o
    0x000337a8   0x00000028   Code   RO        25755    i.osKernelGetTickCount  BUILD/NRF51_DK/ARM/mbed-os/rtos/TARGET_CORTEX/rtx5/RTX/Source/rtx_kernel.o
    0x000337d0   0x00000030   Code   RO        25757    i.osKernelInitialize  BUILD/NRF51_DK/ARM/mbed-os/rtos/TARGET_CORTEX/rtx5/RTX/Source/rtx_kernel.o
    0x00033800   0x00000028   Code   RO        25760    i.osKernelResume    BUILD/NRF51_DK/ARM/mbed-os/rtos/TARGET_CORTEX/rtx5/RTX/Source/rtx_kernel.o
    0x00033828   0x0000002c   Code   RO        25761    i.osKernelStart     BUILD/NRF51_DK/ARM/mbed-os/rtos/TARGET_CORTEX/rtx5/RTX/Source/rtx_kernel.o
    0x00033854   0x00000028   Code   RO        25762    i.osKernelSuspend   BUILD/NRF51_DK/ARM/mbed-os/rtos/TARGET_CORTEX/rtx5/RTX/Source/rtx_kernel.o
    0x0003387c   0x000000b4   Code   RO        25896    i.osMessageQueueGet  BUILD/NRF51_DK/ARM/mbed-os/rtos/TARGET_CORTEX/rtx5/RTX/Source/rtx_msgqueue.o
    0x00033930   0x0000002c   Code   RO        25902    i.osMessageQueueNew  BUILD/NRF51_DK/ARM/mbed-os/rtos/TARGET_CORTEX/rtx5/RTX/Source/rtx_msgqueue.o
    0x0003395c   0x00000078   Code   RO        25903    i.osMessageQueuePut  BUILD/NRF51_DK/ARM/mbed-os/rtos/TARGET_CORTEX/rtx5/RTX/Source/rtx_msgqueue.o
    0x000339d4   0x0000002c   Code   RO        25942    i.osMutexAcquire    BUILD/NRF51_DK/ARM/mbed-os/rtos/TARGET_CORTEX/rtx5/RTX/Source/rtx_mutex.o
    0x00033a00   0x0000002c   Code   RO        25943    i.osMutexDelete     BUILD/NRF51_DK/ARM/mbed-os/rtos/TARGET_CORTEX/rtx5/RTX/Source/rtx_mutex.o
    0x00033a2c   0x0000002c   Code   RO        25946    i.osMutexNew        BUILD/NRF51_DK/ARM/mbed-os/rtos/TARGET_CORTEX/rtx5/RTX/Source/rtx_mutex.o
    0x00033a58   0x0000002c   Code   RO        25947    i.osMutexRelease    BUILD/NRF51_DK/ARM/mbed-os/rtos/TARGET_CORTEX/rtx5/RTX/Source/rtx_mutex.o
    0x00033a84   0x000001a0   Code   RO        25579    i.osRtxErrorNotify  BUILD/NRF51_DK/ARM/mbed-os/rtos/TARGET_CORTEX/mbed_rtx_handlers.o
    0x00033c24   0x0000007a   Code   RO        25700    i.osRtxEventFlagsPostProcess  BUILD/NRF51_DK/ARM/mbed-os/rtos/TARGET_CORTEX/rtx5/RTX/Source/rtx_evflags.o
    0x00033c9e   0x00000004   Code   RO        25580    i.osRtxIdleThread   BUILD/NRF51_DK/ARM/mbed-os/rtos/TARGET_CORTEX/mbed_rtx_handlers.o
    0x00033ca2   0x00000002   Code   RO        25814    i.osRtxKernelPreInit  BUILD/NRF51_DK/ARM/mbed-os/rtos/TARGET_CORTEX/rtx5/RTX/Source/rtx_lib.o
    0x00033ca4   0x00000072   Code   RO        25836    i.osRtxMemoryAlloc  BUILD/NRF51_DK/ARM/mbed-os/rtos/TARGET_CORTEX/rtx5/RTX/Source/rtx_memory.o
    0x00033d16   0x0000004c   Code   RO        25837    i.osRtxMemoryFree   BUILD/NRF51_DK/ARM/mbed-os/rtos/TARGET_CORTEX/rtx5/RTX/Source/rtx_memory.o
    0x00033d62   0x00000032   Code   RO        25838    i.osRtxMemoryInit   BUILD/NRF51_DK/ARM/mbed-os/rtos/TARGET_CORTEX/rtx5/RTX/Source/rtx_memory.o
    0x00033d94   0x00000024   Code   RO        25855    i.osRtxMemoryPoolAlloc  BUILD/NRF51_DK/ARM/mbed-os/rtos/TARGET_CORTEX/rtx5/RTX/Source/rtx_mempool.o
    0x00033db8   0x00000032   Code   RO        25856    i.osRtxMemoryPoolFree  BUILD/NRF51_DK/ARM/mbed-os/rtos/TARGET_CORTEX/rtx5/RTX/Source/rtx_mempool.o
    0x00033dea   0x00000002   PAD
    0x00033dec   0x00000060   Code   RO        25857    i.osRtxMemoryPoolInit  BUILD/NRF51_DK/ARM/mbed-os/rtos/TARGET_CORTEX/rtx5/RTX/Source/rtx_mempool.o
    0x00033e4c   0x000000d6   Code   RO        25905    i.osRtxMessageQueuePostProcess  BUILD/NRF51_DK/ARM/mbed-os/rtos/TARGET_CORTEX/rtx5/RTX/Source/rtx_msgqueue.o
    0x00033f22   0x0000003c   Code   RO        25948    i.osRtxMutexOwnerRelease  BUILD/NRF51_DK/ARM/mbed-os/rtos/TARGET_CORTEX/rtx5/RTX/Source/rtx_mutex.o
    0x00033f5e   0x00000002   PAD
    0x00033f60   0x00000084   Code   RO        26002    i.osRtxPendSV_Handler  BUILD/NRF51_DK/ARM/mbed-os/rtos/TARGET_CORTEX/rtx5/RTX/Source/rtx_system.o
    0x00033fe4   0x0000006c   Code   RO        26003    i.osRtxPostProcess  BUILD/NRF51_DK/ARM/mbed-os/rtos/TARGET_CORTEX/rtx5/RTX/Source/rtx_system.o
    0x00034050   0x00000036   Code   RO        25972    i.osRtxSemaphorePostProcess  BUILD/NRF51_DK/ARM/mbed-os/rtos/TARGET_CORTEX/rtx5/RTX/Source/rtx_semaphore.o
    0x00034086   0x00000002   PAD
    0x00034088   0x0000006c   Code   RO        26012    i.osRtxThreadDelayRemove  BUILD/NRF51_DK/ARM/mbed-os/rtos/TARGET_CORTEX/rtx5/RTX/Source/rtx_thread.o
    0x000340f4   0x0000007c   Code   RO        26013    i.osRtxThreadDelayTick  BUILD/NRF51_DK/ARM/mbed-os/rtos/TARGET_CORTEX/rtx5/RTX/Source/rtx_thread.o
    0x00034170   0x000000e8   Code   RO        26014    i.osRtxThreadDispatch  BUILD/NRF51_DK/ARM/mbed-os/rtos/TARGET_CORTEX/rtx5/RTX/Source/rtx_thread.o
    0x00034258   0x00000050   Code   RO        26015    i.osRtxThreadFree   BUILD/NRF51_DK/ARM/mbed-os/rtos/TARGET_CORTEX/rtx5/RTX/Source/rtx_thread.o
    0x000342a8   0x0000001a   Code   RO        26016    i.osRtxThreadListGet  BUILD/NRF51_DK/ARM/mbed-os/rtos/TARGET_CORTEX/rtx5/RTX/Source/rtx_thread.o
    0x000342c2   0x00000030   Code   RO        26017    i.osRtxThreadListPut  BUILD/NRF51_DK/ARM/mbed-os/rtos/TARGET_CORTEX/rtx5/RTX/Source/rtx_thread.o
    0x000342f2   0x0000001a   Code   RO        26018    i.osRtxThreadListRemove  BUILD/NRF51_DK/ARM/mbed-os/rtos/TARGET_CORTEX/rtx5/RTX/Source/rtx_thread.o
    0x0003430c   0x00000054   Code   RO        26019    i.osRtxThreadListSort  BUILD/NRF51_DK/ARM/mbed-os/rtos/TARGET_CORTEX/rtx5/RTX/Source/rtx_thread.o
    0x00034360   0x00000066   Code   RO        26020    i.osRtxThreadPostProcess  BUILD/NRF51_DK/ARM/mbed-os/rtos/TARGET_CORTEX/rtx5/RTX/Source/rtx_thread.o
    0x000343c6   0x00000002   PAD
    0x000343c8   0x00000038   Code   RO        26021    i.osRtxThreadReadyPut  BUILD/NRF51_DK/ARM/mbed-os/rtos/TARGET_CORTEX/rtx5/RTX/Source/rtx_thread.o
    0x00034400   0x00000006   Code   RO        26022    i.osRtxThreadRegPtr  BUILD/NRF51_DK/ARM/mbed-os/rtos/TARGET_CORTEX/rtx5/RTX/Source/rtx_thread.o
    0x00034406   0x00000002   PAD
    0x00034408   0x0000002c   Code   RO        26023    i.osRtxThreadStackCheck  BUILD/NRF51_DK/ARM/mbed-os/rtos/TARGET_CORTEX/rtx5/RTX/Source/rtx_thread.o
    0x00034434   0x00000054   Code   RO        26024    i.osRtxThreadStartup  BUILD/NRF51_DK/ARM/mbed-os/rtos/TARGET_CORTEX/rtx5/RTX/Source/rtx_thread.o
    0x00034488   0x00000014   Code   RO        26025    i.osRtxThreadSwitch  BUILD/NRF51_DK/ARM/mbed-os/rtos/TARGET_CORTEX/rtx5/RTX/Source/rtx_thread.o
    0x0003449c   0x000000a8   Code   RO        26026    i.osRtxThreadWaitEnter  BUILD/NRF51_DK/ARM/mbed-os/rtos/TARGET_CORTEX/rtx5/RTX/Source/rtx_thread.o
    0x00034544   0x00000054   Code   RO        26027    i.osRtxThreadWaitExit  BUILD/NRF51_DK/ARM/mbed-os/rtos/TARGET_CORTEX/rtx5/RTX/Source/rtx_thread.o
    0x00034598   0x00000074   Code   RO        26004    i.osRtxTick_Handler  BUILD/NRF51_DK/ARM/mbed-os/rtos/TARGET_CORTEX/rtx5/RTX/Source/rtx_system.o
    0x0003460c   0x00000048   Code   RO        26132    i.osRtxTimerThread  BUILD/NRF51_DK/ARM/mbed-os/rtos/TARGET_CORTEX/rtx5/RTX/Source/rtx_timer.o
    0x00034654   0x0000008c   Code   RO        26133    i.osRtxTimerTick    BUILD/NRF51_DK/ARM/mbed-os/rtos/TARGET_CORTEX/rtx5/RTX/Source/rtx_timer.o
    0x000346e0   0x0000002c   Code   RO        25974    i.osSemaphoreDelete  BUILD/NRF51_DK/ARM/mbed-os/rtos/TARGET_CORTEX/rtx5/RTX/Source/rtx_semaphore.o
    0x0003470c   0x0000002c   Code   RO        25977    i.osSemaphoreNew    BUILD/NRF51_DK/ARM/mbed-os/rtos/TARGET_CORTEX/rtx5/RTX/Source/rtx_semaphore.o
    0x00034738   0x0000006c   Code   RO        25978    i.osSemaphoreRelease  BUILD/NRF51_DK/ARM/mbed-os/rtos/TARGET_CORTEX/rtx5/RTX/Source/rtx_semaphore.o
    0x000347a4   0x00000018   Code   RO        26030    i.osThreadExit      BUILD/NRF51_DK/ARM/mbed-os/rtos/TARGET_CORTEX/rtx5/RTX/Source/rtx_thread.o
    0x000347bc   0x00000024   Code   RO        26032    i.osThreadFlagsGet  BUILD/NRF51_DK/ARM/mbed-os/rtos/TARGET_CORTEX/rtx5/RTX/Source/rtx_thread.o
    0x000347e0   0x00000064   Code   RO        26033    i.osThreadFlagsSet  BUILD/NRF51_DK/ARM/mbed-os/rtos/TARGET_CORTEX/rtx5/RTX/Source/rtx_thread.o
    0x00034844   0x0000002c   Code   RO        26034    i.osThreadFlagsWait  BUILD/NRF51_DK/ARM/mbed-os/rtos/TARGET_CORTEX/rtx5/RTX/Source/rtx_thread.o
    0x00034870   0x00000028   Code   RO        26036    i.osThreadGetId     BUILD/NRF51_DK/ARM/mbed-os/rtos/TARGET_CORTEX/rtx5/RTX/Source/rtx_thread.o
    0x00034898   0x0000002c   Code   RO        26043    i.osThreadNew       BUILD/NRF51_DK/ARM/mbed-os/rtos/TARGET_CORTEX/rtx5/RTX/Source/rtx_thread.o
    0x000348c4   0x00000034   Code   RO        26047    i.osThreadTerminate  BUILD/NRF51_DK/ARM/mbed-os/rtos/TARGET_CORTEX/rtx5/RTX/Source/rtx_thread.o
    0x000348f8   0x00000060   Code   RO        24365    i.pinmap_function   BUILD/NRF51_DK/ARM/mbed-os/hal/mbed_pinmap_common.o
    0x00034958   0x00000060   Code   RO        24367    i.pinmap_peripheral  BUILD/NRF51_DK/ARM/mbed-os/hal/mbed_pinmap_common.o
    0x000349b8   0x00000114   Code   RO          888    i.print_context_info  BUILD/NRF51_DK/ARM/mbed-os/cmsis/TARGET_CORTEX_M/mbed_fault_handler.o
    0x00034acc   0x00000204   Code   RO        24891    i.print_error_report  BUILD/NRF51_DK/ARM/mbed-os/platform/mbed_error.o
    0x00034cd0   0x000005c0   Code   RO        27599    i.queue_process     BUILD/NRF51_DK/ARM/mbed-os/targets/TARGET_NORDIC/TARGET_NRF5x/TARGET_SDK_11/libraries/fds/fds.o
    0x00035290   0x000000ac   Code   RO        27645    i.queue_process     BUILD/NRF51_DK/ARM/mbed-os/targets/TARGET_NORDIC/TARGET_NRF5x/TARGET_SDK_11/libraries/fstorage/fstorage.o
    0x0003533c   0x00000120   Code   RO        27600    i.record_find       BUILD/NRF51_DK/ARM/mbed-os/targets/TARGET_NORDIC/TARGET_NRF5x/TARGET_SDK_11/libraries/fds/fds.o
    0x0003545c   0x00000120   Code   RO        27601    i.record_find_by_desc  BUILD/NRF51_DK/ARM/mbed-os/targets/TARGET_NORDIC/TARGET_NRF5x/TARGET_SDK_11/libraries/fds/fds.o
    0x0003557c   0x0000005c   Code   RO        27602    i.record_find_next  BUILD/NRF51_DK/ARM/mbed-os/targets/TARGET_NORDIC/TARGET_NRF5x/TARGET_SDK_11/libraries/fds/fds.o
    0x000355d8   0x00000008   Code   RO        28567    i.rint              C:\Keil_v5\ARM\ARMCC\bin\..\lib\armlib\m_ps.l(rint.o)
    0x000355e0   0x0000000c   Code   RO        25601    i.rtos_idle_loop    BUILD/NRF51_DK/ARM/mbed-os/rtos/TARGET_CORTEX/mbed_rtx_idle.o
    0x000355ec   0x00000150   Code   RO        24381    i.schedule_interrupt  BUILD/NRF51_DK/ARM/mbed-os/hal/mbed_ticker_api.o
    0x0003573c   0x00000074   Code   RO        27760    i.sdk_mapped_flags_bulk_update_by_key  BUILD/NRF51_DK/ARM/mbed-os/targets/TARGET_NORDIC/TARGET_NRF5x/TARGET_SDK_11/libraries/util/sdk_mapped_flags.o
    0x000357b0   0x00000048   Code   RO        27761    i.sdk_mapped_flags_first_key_index_get  BUILD/NRF51_DK/ARM/mbed-os/targets/TARGET_NORDIC/TARGET_NRF5x/TARGET_SDK_11/libraries/util/sdk_mapped_flags.o
    0x000357f8   0x00000064   Code   RO        27763    i.sdk_mapped_flags_key_list_get  BUILD/NRF51_DK/ARM/mbed-os/targets/TARGET_NORDIC/TARGET_NRF5x/TARGET_SDK_11/libraries/util/sdk_mapped_flags.o
    0x0003585c   0x0000006a   Code   RO        27765    i.sdk_mapped_flags_update_by_key  BUILD/NRF51_DK/ARM/mbed-os/targets/TARGET_NORDIC/TARGET_NRF5x/TARGET_SDK_11/libraries/util/sdk_mapped_flags.o
    0x000358c6   0x00000002   PAD
    0x000358c8   0x00000044   Code   RO        26474    i.serial_baud       BUILD/NRF51_DK/ARM/mbed-os/targets/TARGET_NORDIC/TARGET_NRF5x/TARGET_NRF51/serial_api.o
    0x0003590c   0x0000016c   Code   RO        26481    i.serial_init       BUILD/NRF51_DK/ARM/mbed-os/targets/TARGET_NORDIC/TARGET_NRF5x/TARGET_NRF51/serial_api.o
    0x00035a78   0x0000000c   Code   RO        26482    i.serial_irq_handler  BUILD/NRF51_DK/ARM/mbed-os/targets/TARGET_NORDIC/TARGET_NRF5x/TARGET_NRF51/serial_api.o
    0x00035a84   0x00000014   Code   RO        26483    i.serial_irq_handler_asynch  BUILD/NRF51_DK/ARM/mbed-os/targets/TARGET_NORDIC/TARGET_NRF5x/TARGET_NRF51/serial_api.o
    0x00035a98   0x00000064   Code   RO        26484    i.serial_irq_set    BUILD/NRF51_DK/ARM/mbed-os/targets/TARGET_NORDIC/TARGET_NRF5x/TARGET_NRF51/serial_api.o
    0x00035afc   0x0000002c   Code   RO        26485    i.serial_putc       BUILD/NRF51_DK/ARM/mbed-os/targets/TARGET_NORDIC/TARGET_NRF5x/TARGET_NRF51/serial_api.o
    0x00035b28   0x00000020   Code   RO        26490    i.serial_set_flow_control  BUILD/NRF51_DK/ARM/mbed-os/targets/TARGET_NORDIC/TARGET_NRF5x/TARGET_NRF51/serial_api.o
    0x00035b48   0x0000002c   Code   RO        26534    i.slave_event_handler_1  BUILD/NRF51_DK/ARM/mbed-os/targets/TARGET_NORDIC/TARGET_NRF5x/TARGET_NRF51/spi_api.o
    0x00035b74   0x00000068   Code   RO        25295    i.sleep_manager_lock_deep_sleep_internal  BUILD/NRF51_DK/ARM/mbed-os/platform/mbed_sleep_manager.o
    0x00035bdc   0x00000024   Code   RO        25296    i.sleep_manager_sleep_auto  BUILD/NRF51_DK/ARM/mbed-os/platform/mbed_sleep_manager.o
    0x00035c00   0x00000058   Code   RO        25297    i.sleep_manager_unlock_deep_sleep_internal  BUILD/NRF51_DK/ARM/mbed-os/platform/mbed_sleep_manager.o
    0x00035c58   0x00000014   Code   RO        27779    i.softdevice_ble_evt_handler_set  BUILD/NRF51_DK/ARM/mbed-os/targets/TARGET_NORDIC/TARGET_NRF5x/TARGET_SDK_11/softdevice/common/softdevice_handler/softdevice_handler.o
    0x00035c6c   0x00000014   Code   RO        27780    i.softdevice_enable  BUILD/NRF51_DK/ARM/mbed-os/targets/TARGET_NORDIC/TARGET_NRF5x/TARGET_SDK_11/softdevice/common/softdevice_handler/softdevice_handler.o
    0x00035c80   0x00000024   Code   RO        27781    i.softdevice_enable_get_default_config  BUILD/NRF51_DK/ARM/mbed-os/targets/TARGET_NORDIC/TARGET_NRF5x/TARGET_SDK_11/softdevice/common/softdevice_handler/softdevice_handler.o
    0x00035ca4   0x00000008   Code   RO        27782    i.softdevice_fault_handler  BUILD/NRF51_DK/ARM/mbed-os/targets/TARGET_NORDIC/TARGET_NRF5x/TARGET_SDK_11/softdevice/common/softdevice_handler/softdevice_handler.o
    0x00035cac   0x00000078   Code   RO        27783    i.softdevice_handler_init  BUILD/NRF51_DK/ARM/mbed-os/targets/TARGET_NORDIC/TARGET_NRF5x/TARGET_SDK_11/softdevice/common/softdevice_handler/softdevice_handler.o
    0x00035d24   0x0000000c   Code   RO        27784    i.softdevice_handler_isEnabled  BUILD/NRF51_DK/ARM/mbed-os/targets/TARGET_NORDIC/TARGET_NRF5x/TARGET_SDK_11/softdevice/common/softdevice_handler/softdevice_handler.o
    0x00035d30   0x00000014   Code   RO        27786    i.softdevice_sys_evt_handler_set  BUILD/NRF51_DK/ARM/mbed-os/targets/TARGET_NORDIC/TARGET_NRF5x/TARGET_SDK_11/softdevice/common/softdevice_handler/softdevice_handler.o
    0x00035d44   0x00000170   Code   RO        26538    i.spi_format        BUILD/NRF51_DK/ARM/mbed-os/targets/TARGET_NORDIC/TARGET_NRF5x/TARGET_NRF51/spi_api.o
    0x00035eb4   0x000000d4   Code   RO        26540    i.spi_frequency     BUILD/NRF51_DK/ARM/mbed-os/targets/TARGET_NORDIC/TARGET_NRF5x/TARGET_NRF51/spi_api.o
    0x00035f88   0x000000f0   Code   RO        26541    i.spi_init          BUILD/NRF51_DK/ARM/mbed-os/targets/TARGET_NORDIC/TARGET_NRF5x/TARGET_NRF51/spi_api.o
    0x00036078   0x00000044   Code   RO        26542    i.spi_irq_handler_asynch  BUILD/NRF51_DK/ARM/mbed-os/targets/TARGET_NORDIC/TARGET_NRF5x/TARGET_NRF51/spi_api.o
    0x000360bc   0x00000044   Code   RO        26545    i.spi_master_write  BUILD/NRF51_DK/ARM/mbed-os/targets/TARGET_NORDIC/TARGET_NRF5x/TARGET_NRF51/spi_api.o
    0x00036100   0x00000066   Code   RO        27494    i.spis_state_change  BUILD/NRF51_DK/ARM/mbed-os/targets/TARGET_NORDIC/TARGET_NRF5x/TARGET_SDK_11/drivers_nrf/spi_slave/nrf_drv_spis.o
    0x00036166   0x00000012   Code   RO        25683    i.svcRtxDelay       BUILD/NRF51_DK/ARM/mbed-os/rtos/TARGET_CORTEX/rtx5/RTX/Source/rtx_delay.o
    0x00036178   0x0000006c   Code   RO        25702    i.svcRtxEventFlagsDelete  BUILD/NRF51_DK/ARM/mbed-os/rtos/TARGET_CORTEX/rtx5/RTX/Source/rtx_evflags.o
    0x000361e4   0x00000084   Code   RO        25705    i.svcRtxEventFlagsNew  BUILD/NRF51_DK/ARM/mbed-os/rtos/TARGET_CORTEX/rtx5/RTX/Source/rtx_evflags.o
    0x00036268   0x000000ca   Code   RO        25706    i.svcRtxEventFlagsSet  BUILD/NRF51_DK/ARM/mbed-os/rtos/TARGET_CORTEX/rtx5/RTX/Source/rtx_evflags.o
    0x00036332   0x00000002   PAD
    0x00036334   0x000000c4   Code   RO        25707    i.svcRtxEventFlagsWait  BUILD/NRF51_DK/ARM/mbed-os/rtos/TARGET_CORTEX/rtx5/RTX/Source/rtx_evflags.o
    0x000363f8   0x0000000c   Code   RO        25766    i.svcRtxKernelGetState  BUILD/NRF51_DK/ARM/mbed-os/rtos/TARGET_CORTEX/rtx5/RTX/Source/rtx_kernel.o
    0x00036404   0x0000000c   Code   RO        25769    i.svcRtxKernelGetTickCount  BUILD/NRF51_DK/ARM/mbed-os/rtos/TARGET_CORTEX/rtx5/RTX/Source/rtx_kernel.o
    0x00036410   0x00000180   Code   RO        25771    i.svcRtxKernelInitialize  BUILD/NRF51_DK/ARM/mbed-os/rtos/TARGET_CORTEX/rtx5/RTX/Source/rtx_kernel.o
    0x00036590   0x000000a4   Code   RO        25774    i.svcRtxKernelResume  BUILD/NRF51_DK/ARM/mbed-os/rtos/TARGET_CORTEX/rtx5/RTX/Source/rtx_kernel.o
    0x00036634   0x00000098   Code   RO        25775    i.svcRtxKernelStart  BUILD/NRF51_DK/ARM/mbed-os/rtos/TARGET_CORTEX/rtx5/RTX/Source/rtx_kernel.o
    0x000366cc   0x00000060   Code   RO        25776    i.svcRtxKernelSuspend  BUILD/NRF51_DK/ARM/mbed-os/rtos/TARGET_CORTEX/rtx5/RTX/Source/rtx_kernel.o
    0x0003672c   0x00000134   Code   RO        25907    i.svcRtxMessageQueueGet  BUILD/NRF51_DK/ARM/mbed-os/rtos/TARGET_CORTEX/rtx5/RTX/Source/rtx_msgqueue.o
    0x00036860   0x00000188   Code   RO        25913    i.svcRtxMessageQueueNew  BUILD/NRF51_DK/ARM/mbed-os/rtos/TARGET_CORTEX/rtx5/RTX/Source/rtx_msgqueue.o
    0x000369e8   0x000000cc   Code   RO        25914    i.svcRtxMessageQueuePut  BUILD/NRF51_DK/ARM/mbed-os/rtos/TARGET_CORTEX/rtx5/RTX/Source/rtx_msgqueue.o
    0x00036ab4   0x000000c8   Code   RO        25949    i.svcRtxMutexAcquire  BUILD/NRF51_DK/ARM/mbed-os/rtos/TARGET_CORTEX/rtx5/RTX/Source/rtx_mutex.o
    0x00036b7c   0x000000c4   Code   RO        25950    i.svcRtxMutexDelete  BUILD/NRF51_DK/ARM/mbed-os/rtos/TARGET_CORTEX/rtx5/RTX/Source/rtx_mutex.o
    0x00036c40   0x00000084   Code   RO        25953    i.svcRtxMutexNew    BUILD/NRF51_DK/ARM/mbed-os/rtos/TARGET_CORTEX/rtx5/RTX/Source/rtx_mutex.o
    0x00036cc4   0x000000e8   Code   RO        25954    i.svcRtxMutexRelease  BUILD/NRF51_DK/ARM/mbed-os/rtos/TARGET_CORTEX/rtx5/RTX/Source/rtx_mutex.o
    0x00036dac   0x0000006c   Code   RO        25980    i.svcRtxSemaphoreDelete  BUILD/NRF51_DK/ARM/mbed-os/rtos/TARGET_CORTEX/rtx5/RTX/Source/rtx_semaphore.o
    0x00036e18   0x000000a4   Code   RO        25983    i.svcRtxSemaphoreNew  BUILD/NRF51_DK/ARM/mbed-os/rtos/TARGET_CORTEX/rtx5/RTX/Source/rtx_semaphore.o
    0x00036ebc   0x00000064   Code   RO        25984    i.svcRtxSemaphoreRelease  BUILD/NRF51_DK/ARM/mbed-os/rtos/TARGET_CORTEX/rtx5/RTX/Source/rtx_semaphore.o
    0x00036f20   0x00000084   Code   RO        26051    i.svcRtxThreadExit  BUILD/NRF51_DK/ARM/mbed-os/rtos/TARGET_CORTEX/rtx5/RTX/Source/rtx_thread.o
    0x00036fa4   0x00000010   Code   RO        26053    i.svcRtxThreadFlagsGet  BUILD/NRF51_DK/ARM/mbed-os/rtos/TARGET_CORTEX/rtx5/RTX/Source/rtx_thread.o
    0x00036fb4   0x000000c6   Code   RO        26054    i.svcRtxThreadFlagsSet  BUILD/NRF51_DK/ARM/mbed-os/rtos/TARGET_CORTEX/rtx5/RTX/Source/rtx_thread.o
    0x0003707a   0x00000002   PAD
    0x0003707c   0x000000a8   Code   RO        26055    i.svcRtxThreadFlagsWait  BUILD/NRF51_DK/ARM/mbed-os/rtos/TARGET_CORTEX/rtx5/RTX/Source/rtx_thread.o
    0x00037124   0x0000000c   Code   RO        26057    i.svcRtxThreadGetId  BUILD/NRF51_DK/ARM/mbed-os/rtos/TARGET_CORTEX/rtx5/RTX/Source/rtx_thread.o
    0x00037130   0x000001e4   Code   RO        26064    i.svcRtxThreadNew   BUILD/NRF51_DK/ARM/mbed-os/rtos/TARGET_CORTEX/rtx5/RTX/Source/rtx_thread.o
    0x00037314   0x00000104   Code   RO        26068    i.svcRtxThreadTerminate  BUILD/NRF51_DK/ARM/mbed-os/rtos/TARGET_CORTEX/rtx5/RTX/Source/rtx_thread.o
    0x00037418   0x0000005c   Code   RO        24384    i.ticker_insert_event_us  BUILD/NRF51_DK/ARM/mbed-os/hal/mbed_ticker_api.o
    0x00037474   0x00000068   Code   RO        24385    i.ticker_irq_handler  BUILD/NRF51_DK/ARM/mbed-os/hal/mbed_ticker_api.o
    0x000374dc   0x0000001e   Code   RO        24386    i.ticker_read       BUILD/NRF51_DK/ARM/mbed-os/hal/mbed_ticker_api.o
    0x000374fa   0x00000022   Code   RO        24387    i.ticker_read_us    BUILD/NRF51_DK/ARM/mbed-os/hal/mbed_ticker_api.o
    0x0003751c   0x00000038   Code   RO        24388    i.ticker_remove_event  BUILD/NRF51_DK/ARM/mbed-os/hal/mbed_ticker_api.o
    0x00037554   0x00000018   Code   RO        24390    i.ticker_set_handler  BUILD/NRF51_DK/ARM/mbed-os/hal/mbed_ticker_api.o
    0x0003756c   0x00000104   Code   RO        24392    i.update_present_time  BUILD/NRF51_DK/ARM/mbed-os/hal/mbed_ticker_api.o
    0x00037670   0x0000000c   Code   RO        27910    i.us_ticker_clear_interrupt  BUILD/NRF51_DK/ARM/mbed-os/targets/TARGET_NORDIC/TARGET_NRF5x/us_ticker.o
    0x0003767c   0x00000010   Code   RO        27911    i.us_ticker_disable_interrupt  BUILD/NRF51_DK/ARM/mbed-os/targets/TARGET_NORDIC/TARGET_NRF5x/us_ticker.o
    0x0003768c   0x00000010   Code   RO        27912    i.us_ticker_fire_interrupt  BUILD/NRF51_DK/ARM/mbed-os/targets/TARGET_NORDIC/TARGET_NRF5x/us_ticker.o
    0x0003769c   0x00000034   Code   RO        27913    i.us_ticker_free    BUILD/NRF51_DK/ARM/mbed-os/targets/TARGET_NORDIC/TARGET_NRF5x/us_ticker.o
    0x000376d0   0x00000008   Code   RO        27914    i.us_ticker_get_info  BUILD/NRF51_DK/ARM/mbed-os/targets/TARGET_NORDIC/TARGET_NRF5x/us_ticker.o
    0x000376d8   0x00000078   Code   RO        27915    i.us_ticker_init    BUILD/NRF51_DK/ARM/mbed-os/targets/TARGET_NORDIC/TARGET_NRF5x/us_ticker.o
    0x00037750   0x00000018   Code   RO        24413    i.us_ticker_irq_handler  BUILD/NRF51_DK/ARM/mbed-os/hal/mbed_us_ticker_api.o
    0x00037768   0x00000014   Code   RO        27916    i.us_ticker_read    BUILD/NRF51_DK/ARM/mbed-os/targets/TARGET_NORDIC/TARGET_NRF5x/us_ticker.o
    0x0003777c   0x00000034   Code   RO        27917    i.us_ticker_set_interrupt  BUILD/NRF51_DK/ARM/mbed-os/targets/TARGET_NORDIC/TARGET_NRF5x/us_ticker.o
    0x000377b0   0x000000d4   Code   RO        25326    i.wait              BUILD/NRF51_DK/ARM/mbed-os/platform/mbed_wait_api_rtos.o
    0x00037884   0x00000060   Code   RO        25327    i.wait_ms           BUILD/NRF51_DK/ARM/mbed-os/platform/mbed_wait_api_rtos.o
    0x000378e4   0x0000007c   Code   RO        25328    i.wait_us           BUILD/NRF51_DK/ARM/mbed-os/platform/mbed_wait_api_rtos.o
    0x00037960   0x00000038   Code   RO        25041    i.write             BUILD/NRF51_DK/ARM/mbed-os/platform/mbed_retarget.o
    0x00037998   0x0000002c   Code   RO        28704    locale$$code        C:\Keil_v5\ARM\ARMCC\bin\..\lib\armlib\c_p.l(lc_ctype_c.o)
    0x000379c4   0x0000002c   Code   RO        29027    locale$$code        C:\Keil_v5\ARM\ARMCC\bin\..\lib\armlib\c_p.l(lc_numeric_c.o)
    0x000379f0   0x0000000c   Code   RO          809    t._ZN26FunctionPointerWithContextIP26GattReadAuthCallbackParamsE14functioncallerEPKS2_S1_  BUILD/NRF51_DK/ARM/main.o
    0x000379fc   0x0000000c   Code   RO          806    t._ZN26FunctionPointerWithContextIP27GattWriteAuthCallbackParamsE14functioncallerEPKS2_S1_  BUILD/NRF51_DK/ARM/main.o
    0x00037a08   0x0000000c   Code   RO          812    t._ZN26FunctionPointerWithContextIPKN3Gap26ConnectionCallbackParams_tEE14functioncallerEPKS4_S3_  BUILD/NRF51_DK/ARM/main.o
    0x00037a14   0x0000000c   Code   RO         3505    t._ZN26FunctionPointerWithContextIPKN3Gap29AdvertisementCallbackParams_tEE14functioncallerEPKS4_S3_  BUILD/NRF51_DK/ARM/mbed-os/features/FEATURE_BLE/source/LegacyGap.o
    0x00037a20   0x0000000c   Code   RO          815    t._ZN26FunctionPointerWithContextIPKN3Gap29DisconnectionCallbackParams_tEE14functioncallerEPKS4_S3_  BUILD/NRF51_DK/ARM/main.o
    0x00037a2c   0x0000000c   Code   RO          833    t._ZN26FunctionPointerWithContextIPN3BLE32OnEventsToProcessCallbackContextEE14functioncallerEPKS3_S2_  BUILD/NRF51_DK/ARM/main.o
    0x00037a38   0x0000000c   Code   RO          830    t._ZN26FunctionPointerWithContextIPN3BLE37InitializationCompleteCallbackContextEE14functioncallerEPKS3_S2_  BUILD/NRF51_DK/ARM/main.o
    0x00037a44   0x0000000c   Code   RO         3502    t._ZN26FunctionPointerWithContextIbE14functioncallerEPKS0_b  BUILD/NRF51_DK/ARM/mbed-os/features/FEATURE_BLE/source/LegacyGap.o
    0x00037a50   0x0000000c   Code   RO         4714    t._ZN26FunctionPointerWithContextIjE14functioncallerEPKS0_j  BUILD/NRF51_DK/ARM/mbed-os/features/FEATURE_BLE/source/generic/GenericGattClient.o
    0x00037a5c   0x0000000c   Code   RO         5992    t._ZN26FunctionPointerWithContextItE14functioncallerEPKS0_t  BUILD/NRF51_DK/ARM/mbed-os/features/FEATURE_BLE/targets/TARGET_NORDIC/TARGET_NORDIC_SOFTDEVICE/TARGET_NRF51/source/nRF5xGattServer.o
    0x00037a68   0x0000000e   Code   RO        29681    t._ZN4__rw18__rw_locale_vectorIPNS_8__rw_catEED1Ev  C:\Keil_v5\ARM\ARMCC\bin\..\lib\cpplib\cpp_ps.l(rwcats.o)
    0x00037a76   0x0000001c   Code   RO        10384    t._ZN4mbed8CallbackIF14lorawan_status13device_statesEE13function_callINS4_14method_contextI12LoRaWANStackMS7_FS1_S2_EEEEES1_PKvS2_  BUILD/NRF51_DK/ARM/mbed-os/features/lorawan/LoRaWANStack.o
    0x00037a92   0x00000002   Code   RO        10390    t._ZN4mbed8CallbackIF14lorawan_status13device_statesEE13function_dtorINS4_14method_contextI12LoRaWANStackMS7_FS1_S2_EEEEEvPv  BUILD/NRF51_DK/ARM/mbed-os/features/lorawan/LoRaWANStack.o
    0x00037a94   0x00000012   Code   RO        10387    t._ZN4mbed8CallbackIF14lorawan_status13device_statesEE13function_moveINS4_14method_contextI12LoRaWANStackMS7_FS1_S2_EEEEEvPvPKv  BUILD/NRF51_DK/ARM/mbed-os/features/lorawan/LoRaWANStack.o
    0x00037aa6   0x00000006   Code   RO          873    t._ZN4mbed8CallbackIFv11lora_eventsEE13function_callIPS2_EEvPKvS1_  BUILD/NRF51_DK/ARM/main.o
    0x00037aac   0x00000002   Code   RO          879    t._ZN4mbed8CallbackIFv11lora_eventsEE13function_dtorIPS2_EEvPv  BUILD/NRF51_DK/ARM/main.o
    0x00037aae   0x0000000a   Code   RO          876    t._ZN4mbed8CallbackIFv11lora_eventsEE13function_moveIPS2_EEvPvPKv  BUILD/NRF51_DK/ARM/main.o
    0x00037ab8   0x00000020   Code   RO        10357    t._ZN4mbed8CallbackIFvPKhtsaEE13function_callINS4_14method_contextI12LoRaWANStackMS7_FvS2_tsaEEEEEvPKvS2_tsa  BUILD/NRF51_DK/ARM/mbed-os/features/lorawan/LoRaWANStack.o
    0x00037ad8   0x00000002   Code   RO        10363    t._ZN4mbed8CallbackIFvPKhtsaEE13function_dtorINS4_14method_contextI12LoRaWANStackMS7_FvS2_tsaEEEEEvPv  BUILD/NRF51_DK/ARM/mbed-os/features/lorawan/LoRaWANStack.o
    0x00037ada   0x00000012   Code   RO        10360    t._ZN4mbed8CallbackIFvPKhtsaEE13function_moveINS4_14method_contextI12LoRaWANStackMS7_FvS2_tsaEEEEEvPvPKv  BUILD/NRF51_DK/ARM/mbed-os/features/lorawan/LoRaWANStack.o
    0x00037aec   0x0000001c   Code   RO         5592    t._ZN4mbed8CallbackIFvPvPKN3ble7generic19SecurityEntryKeys_tEEE13function_callINS8_14method_contextINS3_22GenericSecurityManagerEMSB_FvS1_S6_EEEEEvPKvS1_S6_  BUILD/NRF51_DK/ARM/mbed-os/features/FEATURE_BLE/source/generic/GenericSecurityManager.o
    0x00037b08   0x00000002   Code   RO         5598    t._ZN4mbed8CallbackIFvPvPKN3ble7generic19SecurityEntryKeys_tEEE13function_dtorINS8_14method_contextINS3_22GenericSecurityManagerEMSB_FvS1_S6_EEEEEvS1_  BUILD/NRF51_DK/ARM/mbed-os/features/FEATURE_BLE/source/generic/GenericSecurityManager.o
    0x00037b0a   0x00000012   Code   RO         5595    t._ZN4mbed8CallbackIFvPvPKN3ble7generic19SecurityEntryKeys_tEEE13function_moveINS8_14method_contextINS3_22GenericSecurityManagerEMSB_FvS1_S6_EEEEEvS1_PKv  BUILD/NRF51_DK/ARM/mbed-os/features/FEATURE_BLE/source/generic/GenericSecurityManager.o
    0x00037b1c   0x0000001c   Code   RO         5601    t._ZN4mbed8CallbackIFvPvPKN3ble7generic22SecurityEntrySigning_tEEE13function_callINS8_14method_contextINS3_22GenericSecurityManagerEMSB_FvS1_S6_EEEEEvPKvS1_S6_  BUILD/NRF51_DK/ARM/mbed-os/features/FEATURE_BLE/source/generic/GenericSecurityManager.o
    0x00037b38   0x00000002   Code   RO         5607    t._ZN4mbed8CallbackIFvPvPKN3ble7generic22SecurityEntrySigning_tEEE13function_dtorINS8_14method_contextINS3_22GenericSecurityManagerEMSB_FvS1_S6_EEEEEvS1_  BUILD/NRF51_DK/ARM/mbed-os/features/FEATURE_BLE/source/generic/GenericSecurityManager.o
    0x00037b3a   0x00000012   Code   RO         5604    t._ZN4mbed8CallbackIFvPvPKN3ble7generic22SecurityEntrySigning_tEEE13function_moveINS8_14method_contextINS3_22GenericSecurityManagerEMSB_FvS1_S6_EEEEEvS1_PKv  BUILD/NRF51_DK/ARM/mbed-os/features/FEATURE_BLE/source/generic/GenericSecurityManager.o
    0x00037b4c   0x0000001c   Code   RO         5610    t._ZN4mbed8CallbackIFvPvPKN3ble7generic23SecurityEntryIdentity_tEEE13function_callINS8_14method_contextINS3_22GenericSecurityManagerEMSB_FvS1_S6_EEEEEvPKvS1_S6_  BUILD/NRF51_DK/ARM/mbed-os/features/FEATURE_BLE/source/generic/GenericSecurityManager.o
    0x00037b68   0x00000002   Code   RO         5616    t._ZN4mbed8CallbackIFvPvPKN3ble7generic23SecurityEntryIdentity_tEEE13function_dtorINS8_14method_contextINS3_22GenericSecurityManagerEMSB_FvS1_S6_EEEEEvS1_  BUILD/NRF51_DK/ARM/mbed-os/features/FEATURE_BLE/source/generic/GenericSecurityManager.o
    0x00037b6a   0x00000012   Code   RO         5613    t._ZN4mbed8CallbackIFvPvPKN3ble7generic23SecurityEntryIdentity_tEEE13function_moveINS8_14method_contextINS3_22GenericSecurityManagerEMSB_FvS1_S6_EEEEEvS1_PKv  BUILD/NRF51_DK/ARM/mbed-os/features/FEATURE_BLE/source/generic/GenericSecurityManager.o
    0x00037b7c   0x0000001c   Code   RO        10375    t._ZN4mbed8CallbackIFvbEE13function_callINS2_14method_contextI12LoRaWANStackMS5_FvbEEEEEvPKvb  BUILD/NRF51_DK/ARM/mbed-os/features/lorawan/LoRaWANStack.o
    0x00037b98   0x00000002   Code   RO        10381    t._ZN4mbed8CallbackIFvbEE13function_dtorINS2_14method_contextI12LoRaWANStackMS5_FvbEEEEEvPv  BUILD/NRF51_DK/ARM/mbed-os/features/lorawan/LoRaWANStack.o
    0x00037b9a   0x00000012   Code   RO        10378    t._ZN4mbed8CallbackIFvbEE13function_moveINS2_14method_contextI12LoRaWANStackMS5_FvbEEEEEvPvPKv  BUILD/NRF51_DK/ARM/mbed-os/features/lorawan/LoRaWANStack.o
    0x00037bac   0x0000001c   Code   RO        10366    t._ZN4mbed8CallbackIFvhEE13function_callINS2_14method_contextI12LoRaWANStackMS5_FvhEEEEEvPKvh  BUILD/NRF51_DK/ARM/mbed-os/features/lorawan/LoRaWANStack.o
    0x00037bc8   0x00000002   Code   RO        10372    t._ZN4mbed8CallbackIFvhEE13function_dtorINS2_14method_contextI12LoRaWANStackMS5_FvhEEEEEvPv  BUILD/NRF51_DK/ARM/mbed-os/features/lorawan/LoRaWANStack.o
    0x00037bca   0x00000012   Code   RO        10369    t._ZN4mbed8CallbackIFvhEE13function_moveINS2_14method_contextI12LoRaWANStackMS5_FvhEEEEEvPvPKv  BUILD/NRF51_DK/ARM/mbed-os/features/lorawan/LoRaWANStack.o
    0x00037bdc   0x0000001c   Code   RO         4910    t._ZN4mbed8CallbackIFvjEE13function_callINS2_14method_contextIN3ble7generic17GenericGattClientEMS7_FvjEEEEEvPKvj  BUILD/NRF51_DK/ARM/mbed-os/features/FEATURE_BLE/source/generic/GenericGattClient.o
    0x00037bf8   0x00000002   Code   RO         4916    t._ZN4mbed8CallbackIFvjEE13function_dtorINS2_14method_contextIN3ble7generic17GenericGattClientEMS7_FvjEEEEEvPv  BUILD/NRF51_DK/ARM/mbed-os/features/FEATURE_BLE/source/generic/GenericGattClient.o
    0x00037bfa   0x00000012   Code   RO         4913    t._ZN4mbed8CallbackIFvjEE13function_moveINS2_14method_contextIN3ble7generic17GenericGattClientEMS7_FvjEEEEEvPvPKv  BUILD/NRF51_DK/ARM/mbed-os/features/FEATURE_BLE/source/generic/GenericGattClient.o
    0x00037c0c   0x0000001c   Code   RO         4901    t._ZN4mbed8CallbackIFvjRKN3ble3pal16AttServerMessageEEE13function_callINS7_14method_contextINS1_7generic17GenericGattClientEMSB_FvjS5_EEEEEvPKvjS5_  BUILD/NRF51_DK/ARM/mbed-os/features/FEATURE_BLE/source/generic/GenericGattClient.o
    0x00037c28   0x00000002   Code   RO         4907    t._ZN4mbed8CallbackIFvjRKN3ble3pal16AttServerMessageEEE13function_dtorINS7_14method_contextINS1_7generic17GenericGattClientEMSB_FvjS5_EEEEEvPv  BUILD/NRF51_DK/ARM/mbed-os/features/FEATURE_BLE/source/generic/GenericGattClient.o
    0x00037c2a   0x00000012   Code   RO         4904    t._ZN4mbed8CallbackIFvjRKN3ble3pal16AttServerMessageEEE13function_moveINS7_14method_contextINS1_7generic17GenericGattClientEMSB_FvjS5_EEEEEvPvPKv  BUILD/NRF51_DK/ARM/mbed-os/features/FEATURE_BLE/source/generic/GenericGattClient.o
    0x00037c3c   0x00000018   Code   RO        10348    t._ZN4mbed8CallbackIFvvEE13function_callINS2_14method_contextI12LoRaWANStackMS5_FvvEEEEEvPKv  BUILD/NRF51_DK/ARM/mbed-os/features/lorawan/LoRaWANStack.o
    0x00037c54   0x00000018   Code   RO          518    t._ZN4mbed8CallbackIFvvEE13function_callINS2_14method_contextI16SX1276_LoRaRadioMS5_FvvEEEEEvPKv  BUILD/NRF51_DK/ARM/SX1276/SX1276_LoRaRadio.o
    0x00037c6c   0x00000018   Code   RO          855    t._ZN4mbed8CallbackIFvvEE13function_callINS2_14method_contextI3BLEMS5_FvvEEEEEvPKv  BUILD/NRF51_DK/ARM/main.o
    0x00037c84   0x00000018   Code   RO        10623    t._ZN4mbed8CallbackIFvvEE13function_callINS2_14method_contextI7LoRaMacMS5_FvvEEEEEvPKv  BUILD/NRF51_DK/ARM/mbed-os/features/lorawan/lorastack/mac/LoRaMac.o
    0x00037c9c   0x00000002   Code   RO        10354    t._ZN4mbed8CallbackIFvvEE13function_dtorINS2_14method_contextI12LoRaWANStackMS5_FvvEEEEEvPv  BUILD/NRF51_DK/ARM/mbed-os/features/lorawan/LoRaWANStack.o
    0x00037c9e   0x00000002   Code   RO          524    t._ZN4mbed8CallbackIFvvEE13function_dtorINS2_14method_contextI16SX1276_LoRaRadioMS5_FvvEEEEEvPv  BUILD/NRF51_DK/ARM/SX1276/SX1276_LoRaRadio.o
    0x00037ca0   0x00000002   Code   RO          861    t._ZN4mbed8CallbackIFvvEE13function_dtorINS2_14method_contextI3BLEMS5_FvvEEEEEvPv  BUILD/NRF51_DK/ARM/main.o
    0x00037ca2   0x00000002   Code   RO        10629    t._ZN4mbed8CallbackIFvvEE13function_dtorINS2_14method_contextI7LoRaMacMS5_FvvEEEEEvPv  BUILD/NRF51_DK/ARM/mbed-os/features/lorawan/lorastack/mac/LoRaMac.o
    0x00037ca4   0x00000012   Code   RO        10351    t._ZN4mbed8CallbackIFvvEE13function_moveINS2_14method_contextI12LoRaWANStackMS5_FvvEEEEEvPvPKv  BUILD/NRF51_DK/ARM/mbed-os/features/lorawan/LoRaWANStack.o
    0x00037cb6   0x00000012   Code   RO          521    t._ZN4mbed8CallbackIFvvEE13function_moveINS2_14method_contextI16SX1276_LoRaRadioMS5_FvvEEEEEvPvPKv  BUILD/NRF51_DK/ARM/SX1276/SX1276_LoRaRadio.o
    0x00037cc8   0x00000012   Code   RO          858    t._ZN4mbed8CallbackIFvvEE13function_moveINS2_14method_contextI3BLEMS5_FvvEEEEEvPvPKv  BUILD/NRF51_DK/ARM/main.o
    0x00037cda   0x00000012   Code   RO        10626    t._ZN4mbed8CallbackIFvvEE13function_moveINS2_14method_contextI7LoRaMacMS5_FvvEEEEEvPvPKv  BUILD/NRF51_DK/ARM/mbed-os/features/lorawan/lorastack/mac/LoRaMac.o
    0x00037cec   0x00000014   Code   RO         2570    t._ZN4mbed8CallbackIFvvEED1Ev  BUILD/NRF51_DK/ARM/mbed-os/drivers/SerialBase.o
    0x00037d00   0x00000018   Code   RO          493    t._ZN4mbed8callbackI16SX1276_LoRaRadioS1_vEENS_8CallbackIFT1_vEEEPT0_MT_FS3_vE  BUILD/NRF51_DK/ARM/SX1276/SX1276_LoRaRadio.o
    0x00037d18   0x00000030   Code   RO         2567    t._ZN6CThunkIN4mbed10SerialBaseEE10trampolineEP10CThunkBase  BUILD/NRF51_DK/ARM/mbed-os/drivers/SerialBase.o
    0x00037d48   0x00000030   Code   RO         2355    t._ZN6CThunkIN4mbed3SPIEE10trampolineEP10CThunkBase  BUILD/NRF51_DK/ARM/mbed-os/drivers/SPI.o
    0x00037d78   0x00000024   Code   RO          818    t._ZN6events10EventQueue13function_callIN4mbed8CallbackIFvvEEEEEvPv  BUILD/NRF51_DK/ARM/main.o
    0x00037d9c   0x00000028   Code   RO        10337    t._ZN6events10EventQueue13function_callINS0_9context10IN4mbed8CallbackIF14lorawan_status13device_statesEEES6_EEEEvPv  BUILD/NRF51_DK/ARM/mbed-os/features/lorawan/LoRaWANStack.o
    0x00037dc4   0x00000028   Code   RO        10298    t._ZN6events10EventQueue13function_callINS0_9context10IN4mbed8CallbackIFv11lora_eventsEEES5_EEEEvPv  BUILD/NRF51_DK/ARM/mbed-os/features/lorawan/LoRaWANStack.o
    0x00037dec   0x00000028   Code   RO        10331    t._ZN6events10EventQueue13function_callINS0_9context10IN4mbed8CallbackIFvbEEEbEEEEvPv  BUILD/NRF51_DK/ARM/mbed-os/features/lorawan/LoRaWANStack.o
    0x00037e14   0x00000028   Code   RO        10325    t._ZN6events10EventQueue13function_callINS0_9context10IN4mbed8CallbackIFvhEEEhEEEEvPv  BUILD/NRF51_DK/ARM/mbed-os/features/lorawan/LoRaWANStack.o
    0x00037e3c   0x00000028   Code   RO        10307    t._ZN6events10EventQueue13function_callINS0_9context20IN4mbed8CallbackIFvhhEEEhhEEEEvPv  BUILD/NRF51_DK/ARM/mbed-os/features/lorawan/LoRaWANStack.o
    0x00037e64   0x00000030   Code   RO        10313    t._ZN6events10EventQueue13function_callINS0_9context40IN4mbed8CallbackIFvPKhtsaEEES6_tsaEEEEvPv  BUILD/NRF51_DK/ARM/mbed-os/features/lorawan/LoRaWANStack.o
    0x00037e94   0x00000004   Code   RO          800    t._ZN6events10EventQueue13function_callIPFivEEEvPv  BUILD/NRF51_DK/ARM/main.o
    0x00037e98   0x00000004   Code   RO          824    t._ZN6events10EventQueue13function_callIPFvvEEEvPv  BUILD/NRF51_DK/ARM/main.o
    0x00037e9c   0x0000000c   Code   RO          821    t._ZN6events10EventQueue13function_dtorIN4mbed8CallbackIFvvEEEEEvPv  BUILD/NRF51_DK/ARM/main.o
    0x00037ea8   0x0000000c   Code   RO        10340    t._ZN6events10EventQueue13function_dtorINS0_9context10IN4mbed8CallbackIF14lorawan_status13device_statesEEES6_EEEEvPv  BUILD/NRF51_DK/ARM/mbed-os/features/lorawan/LoRaWANStack.o
    0x00037eb4   0x0000000c   Code   RO        10301    t._ZN6events10EventQueue13function_dtorINS0_9context10IN4mbed8CallbackIFv11lora_eventsEEES5_EEEEvPv  BUILD/NRF51_DK/ARM/mbed-os/features/lorawan/LoRaWANStack.o
    0x00037ec0   0x0000000c   Code   RO        10334    t._ZN6events10EventQueue13function_dtorINS0_9context10IN4mbed8CallbackIFvbEEEbEEEEvPv  BUILD/NRF51_DK/ARM/mbed-os/features/lorawan/LoRaWANStack.o
    0x00037ecc   0x0000000c   Code   RO        10328    t._ZN6events10EventQueue13function_dtorINS0_9context10IN4mbed8CallbackIFvhEEEhEEEEvPv  BUILD/NRF51_DK/ARM/mbed-os/features/lorawan/LoRaWANStack.o
    0x00037ed8   0x0000000c   Code   RO        10310    t._ZN6events10EventQueue13function_dtorINS0_9context20IN4mbed8CallbackIFvhhEEEhhEEEEvPv  BUILD/NRF51_DK/ARM/mbed-os/features/lorawan/LoRaWANStack.o
    0x00037ee4   0x0000000c   Code   RO        10316    t._ZN6events10EventQueue13function_dtorINS0_9context40IN4mbed8CallbackIFvPKhtsaEEES6_tsaEEEEvPv  BUILD/NRF51_DK/ARM/mbed-os/features/lorawan/LoRaWANStack.o
    0x00037ef0   0x00000002   Code   RO          803    t._ZN6events10EventQueue13function_dtorIPFivEEEvPv  BUILD/NRF51_DK/ARM/main.o
    0x00037ef2   0x00000002   Code   RO          827    t._ZN6events10EventQueue13function_dtorIPFvvEEEvPv  BUILD/NRF51_DK/ARM/main.o
    0x00037ef4   0x000000ac   Code   RO        10322    t._ZN6events10EventQueue4callI12LoRaWANStack14lorawan_status13device_statesEEiPT_MS5_FT0_T1_ES8_  BUILD/NRF51_DK/ARM/mbed-os/features/lorawan/LoRaWANStack.o
    0x00037fa0   0x000000ac   Code   RO        10319    t._ZN6events10EventQueue4callI12LoRaWANStackvbEEiPT_MS3_FT0_T1_ES6_  BUILD/NRF51_DK/ARM/mbed-os/features/lorawan/LoRaWANStack.o
    0x0003804c   0x000000ac   Code   RO        10304    t._ZN6events10EventQueue4callI12LoRaWANStackvhEEiPT_MS3_FT0_T1_ES6_  BUILD/NRF51_DK/ARM/mbed-os/features/lorawan/LoRaWANStack.o
    0x000380f8   0x00000054   Code   RO        21197    t._ZNK12SingletonPtrIN4rtos5MutexEEptEv  BUILD/NRF51_DK/ARM/mbed-os/features/netsocket/nsapi_dns.o
    0x0003814c   0x00000048   Code   RO        29132    t._ZNSs9_C_unlinkEv  C:\Keil_v5\ARM\ARMCC\bin\..\lib\cpplib\cpp_ps.l(char.o)
    0x00038194   0x0000000c   Code   RO        29204    t._ZNSsD1Ev         C:\Keil_v5\ARM\ARMCC\bin\..\lib\cpplib\cpp_ps.l(char.o)
    0x000381a0   0x0000008c   Code   RO        28524    x$fpl$fadd          C:\Keil_v5\ARM\ARMCC\bin\..\lib\armlib\fz_ps.l(faddsub.o)
    0x0003822c   0x000000b0   Code   RO        28545    x$fpl$fmul          C:\Keil_v5\ARM\ARMCC\bin\..\lib\armlib\fz_ps.l(fmul.o)
    0x000382dc   0x00000058   Code   RO        28547    x$fpl$frleqf        C:\Keil_v5\ARM\ARMCC\bin\..\lib\armlib\fz_ps.l(frlef.o)
    0x00038334   0x00000018   Code   RO        28525    x$fpl$frsb          C:\Keil_v5\ARM\ARMCC\bin\..\lib\armlib\fz_ps.l(faddsub.o)
    0x0003834c   0x000000d0   Code   RO        28526    x$fpl$fsub          C:\Keil_v5\ARM\ARMCC\bin\..\lib\armlib\fz_ps.l(faddsub.o)
    0x0003841c   0x00000010   Code   RO        28551    x$fpl$printf1       C:\Keil_v5\ARM\ARMCC\bin\..\lib\armlib\fz_ps.l(printf1.o)
    0x0003842c   0x00000010   Code   RO        28937    x$fpl$printf2       C:\Keil_v5\ARM\ARMCC\bin\..\lib\armlib\fz_ps.l(printf2.o)
    0x0003843c   0x00000000   Code   RO        28945    x$fpl$usenofp       C:\Keil_v5\ARM\ARMCC\bin\..\lib\armlib\fz_ps.l(usenofp.o)
    0x0003843c   0x00000500   Data   RO          194    .constdata          BUILD/NRF51_DK/ARM/Adafruit-GFX-Library-Mbed_Compatible/Adafruit_GFX.o
    0x0003893c   0x00000120   Data   RO          409    .constdata          BUILD/NRF51_DK/ARM/SX1276/SX1276_LoRaRadio.o
    0x00038a5c   0x00000020   Data   RO          761    .constdata          BUILD/NRF51_DK/ARM/main.o
    0x00038a7c   0x0000010f   Data   RO          762    .constdata          BUILD/NRF51_DK/ARM/main.o
    0x00038b8b   0x00000001   PAD
    0x00038b8c   0x000002f8   Data   RO          763    .constdata          BUILD/NRF51_DK/ARM/main.o
    0x00038e84   0x00000004   Data   RO          890    .constdata          BUILD/NRF51_DK/ARM/mbed-os/cmsis/TARGET_CORTEX_M/mbed_fault_handler.o
    0x00038e88   0x00000010   Data   RO         2321    .constdata          BUILD/NRF51_DK/ARM/mbed-os/drivers/SPI.o
    0x00038e98   0x00000010   Data   RO         2523    .constdata          BUILD/NRF51_DK/ARM/mbed-os/drivers/SerialBase.o
    0x00038ea8   0x00000014   Data   RO         3161    .constdata          BUILD/NRF51_DK/ARM/mbed-os/features/FEATURE_BLE/source/BLE.o
    0x00038ebc   0x00000002   Data   RO         3756    .constdata          BUILD/NRF51_DK/ARM/mbed-os/features/FEATURE_BLE/source/gap/Gap.o
    0x00038ebe   0x00000002   Data   RO         3757    .constdata          BUILD/NRF51_DK/ARM/mbed-os/features/FEATURE_BLE/source/gap/Gap.o
    0x00038ec0   0x00000020   Data   RO         4645    .constdata          BUILD/NRF51_DK/ARM/mbed-os/features/FEATURE_BLE/source/generic/GenericGattClient.o
    0x00038ee0   0x00000038   Data   RO         5157    .constdata          BUILD/NRF51_DK/ARM/mbed-os/features/FEATURE_BLE/source/generic/GenericSecurityManager.o
    0x00038f18   0x00000010   Data   RO         5687    .constdata          BUILD/NRF51_DK/ARM/mbed-os/features/FEATURE_BLE/targets/TARGET_NORDIC/TARGET_NORDIC_SOFTDEVICE/TARGET_NRF51/source/btle/btle.o
    0x00038f28   0x00000020   Data   RO         5838    .constdata          BUILD/NRF51_DK/ARM/mbed-os/features/FEATURE_BLE/targets/TARGET_NORDIC/TARGET_NORDIC_SOFTDEVICE/TARGET_NRF51/source/nRF5xGap.o
    0x00038f48   0x00000070   Data   RO         5967    .constdata          BUILD/NRF51_DK/ARM/mbed-os/features/FEATURE_BLE/targets/TARGET_NORDIC/TARGET_NORDIC_SOFTDEVICE/TARGET_NRF51/source/nRF5xGattServer.o
    0x00038fb8   0x00000014   Data   RO         6601    .constdata          BUILD/NRF51_DK/ARM/mbed-os/features/FEATURE_BLE/targets/TARGET_NORDIC/TARGET_NORDIC_SOFTDEVICE/TARGET_NRF51/source/nRF5xn.o
    0x00038fcc   0x00000068   Data   RO        10230    .constdata          BUILD/NRF51_DK/ARM/mbed-os/features/lorawan/LoRaWANStack.o
    0x00039034   0x00000048   Data   RO        10537    .constdata          BUILD/NRF51_DK/ARM/mbed-os/features/lorawan/lorastack/mac/LoRaMac.o
    0x0003907c   0x00000010   Data   RO        10706    .constdata          BUILD/NRF51_DK/ARM/mbed-os/features/lorawan/lorastack/mac/LoRaMacCommand.o
    0x0003908c   0x000000ec   Data   RO        11170    .constdata          BUILD/NRF51_DK/ARM/mbed-os/features/lorawan/lorastack/phy/LoRaPHYEU868.o
    0x00039178   0x00002474   Data   RO        12656    .constdata          BUILD/NRF51_DK/ARM/mbed-os/features/mbedtls/src/aes.o
    0x0003b5ec   0x00000020   Data   RO        12900    .constdata          BUILD/NRF51_DK/ARM/mbed-os/features/mbedtls/src/cipher_wrap.o
    0x0003b60c   0x0000001c   Data   RO        12901    .constdata          BUILD/NRF51_DK/ARM/mbed-os/features/mbedtls/src/cipher_wrap.o
    0x0003b628   0x0000001c   Data   RO        12902    .constdata          BUILD/NRF51_DK/ARM/mbed-os/features/mbedtls/src/cipher_wrap.o
    0x0003b644   0x0000001c   Data   RO        12903    .constdata          BUILD/NRF51_DK/ARM/mbed-os/features/mbedtls/src/cipher_wrap.o
    0x0003b660   0x0000001c   Data   RO        12904    .constdata          BUILD/NRF51_DK/ARM/mbed-os/features/mbedtls/src/cipher_wrap.o
    0x0003b67c   0x0000001c   Data   RO        12905    .constdata          BUILD/NRF51_DK/ARM/mbed-os/features/mbedtls/src/cipher_wrap.o
    0x0003b698   0x0000001c   Data   RO        12906    .constdata          BUILD/NRF51_DK/ARM/mbed-os/features/mbedtls/src/cipher_wrap.o
    0x0003b6b4   0x0000001c   Data   RO        12907    .constdata          BUILD/NRF51_DK/ARM/mbed-os/features/mbedtls/src/cipher_wrap.o
    0x0003b6d0   0x0000001c   Data   RO        12908    .constdata          BUILD/NRF51_DK/ARM/mbed-os/features/mbedtls/src/cipher_wrap.o
    0x0003b6ec   0x0000001c   Data   RO        12909    .constdata          BUILD/NRF51_DK/ARM/mbed-os/features/mbedtls/src/cipher_wrap.o
    0x0003b708   0x00000020   Data   RO        12910    .constdata          BUILD/NRF51_DK/ARM/mbed-os/features/mbedtls/src/cipher_wrap.o
    0x0003b728   0x0000001c   Data   RO        12911    .constdata          BUILD/NRF51_DK/ARM/mbed-os/features/mbedtls/src/cipher_wrap.o
    0x0003b744   0x0000001c   Data   RO        12912    .constdata          BUILD/NRF51_DK/ARM/mbed-os/features/mbedtls/src/cipher_wrap.o
    0x0003b760   0x0000001c   Data   RO        12913    .constdata          BUILD/NRF51_DK/ARM/mbed-os/features/mbedtls/src/cipher_wrap.o
    0x0003b77c   0x00000020   Data   RO        12914    .constdata          BUILD/NRF51_DK/ARM/mbed-os/features/mbedtls/src/cipher_wrap.o
    0x0003b79c   0x0000001c   Data   RO        12915    .constdata          BUILD/NRF51_DK/ARM/mbed-os/features/mbedtls/src/cipher_wrap.o
    0x0003b7b8   0x0000001c   Data   RO        12916    .constdata          BUILD/NRF51_DK/ARM/mbed-os/features/mbedtls/src/cipher_wrap.o
    0x0003b7d4   0x0000001c   Data   RO        12917    .constdata          BUILD/NRF51_DK/ARM/mbed-os/features/mbedtls/src/cipher_wrap.o
    0x0003b7f0   0x00000080   Data   RO        12918    .constdata          BUILD/NRF51_DK/ARM/mbed-os/features/mbedtls/src/cipher_wrap.o
    0x0003b870   0x00000c08   Data   RO        13110    .constdata          BUILD/NRF51_DK/ARM/mbed-os/features/mbedtls/src/gcm.o
    0x0003c478   0x00000020   Data   RO        24349    .constdata          BUILD/NRF51_DK/ARM/mbed-os/hal/mbed_lp_ticker_api.o
    0x0003c498   0x00000008   Data   RO        24350    .constdata          BUILD/NRF51_DK/ARM/mbed-os/hal/mbed_lp_ticker_api.o
    0x0003c4a0   0x00000020   Data   RO        24415    .constdata          BUILD/NRF51_DK/ARM/mbed-os/hal/mbed_us_ticker_api.o
    0x0003c4c0   0x00000008   Data   RO        24416    .constdata          BUILD/NRF51_DK/ARM/mbed-os/hal/mbed_us_ticker_api.o
    0x0003c4c8   0x00000005   Data   RO        24821    .constdata          BUILD/NRF51_DK/ARM/mbed-os/platform/mbed_board.o
    0x0003c4cd   0x00000003   PAD
    0x0003c4d0   0x00000028   Data   RO        25107    .constdata          BUILD/NRF51_DK/ARM/mbed-os/platform/mbed_retarget.o
    0x0003c4f8   0x00000024   Data   RO        25822    .constdata          BUILD/NRF51_DK/ARM/mbed-os/rtos/TARGET_CORTEX/rtx5/RTX/Source/rtx_lib.o
    0x0003c51c   0x00000024   Data   RO        25823    .constdata          BUILD/NRF51_DK/ARM/mbed-os/rtos/TARGET_CORTEX/rtx5/RTX/Source/rtx_lib.o
    0x0003c540   0x00000018   Data   RO        25824    .constdata          BUILD/NRF51_DK/ARM/mbed-os/rtos/TARGET_CORTEX/rtx5/RTX/Source/rtx_lib.o
    0x0003c558   0x00000004   Data   RO        25825    .constdata          BUILD/NRF51_DK/ARM/mbed-os/rtos/TARGET_CORTEX/rtx5/RTX/Source/rtx_lib.o
    0x0003c55c   0x0000006c   Data   RO        26324    .constdata          BUILD/NRF51_DK/ARM/mbed-os/targets/TARGET_NORDIC/TARGET_NRF5x/TARGET_NRF51/TARGET_MCU_NRF51822_UNIFIED/analogin_api.o
    0x0003c5c8   0x00000001   Data   RO        26398    .constdata          BUILD/NRF51_DK/ARM/mbed-os/targets/TARGET_NORDIC/TARGET_NRF5x/TARGET_NRF51/TARGET_MCU_NRF51822_UNIFIED/sdk/drivers_nrf/adc/nrf_drv_adc.o
    0x0003c5c9   0x00000003   PAD
    0x0003c5cc   0x00000090   Data   RO        26496    .constdata          BUILD/NRF51_DK/ARM/mbed-os/targets/TARGET_NORDIC/TARGET_NRF5x/TARGET_NRF51/serial_api.o
    0x0003c65c   0x00000010   Data   RO        26550    .constdata          BUILD/NRF51_DK/ARM/mbed-os/targets/TARGET_NORDIC/TARGET_NRF5x/TARGET_NRF51/spi_api.o
    0x0003c66c   0x00000014   Data   RO        27478    .constdata          BUILD/NRF51_DK/ARM/mbed-os/targets/TARGET_NORDIC/TARGET_NRF5x/TARGET_SDK_11/drivers_nrf/spi_master/nrf_drv_spi.o
    0x0003c680   0x0000001c   Data   RO        27496    .constdata          BUILD/NRF51_DK/ARM/mbed-os/targets/TARGET_NORDIC/TARGET_NRF5x/TARGET_SDK_11/drivers_nrf/spi_slave/nrf_drv_spis.o
    0x0003c69c   0x00000014   Data   RO        27605    .constdata          BUILD/NRF51_DK/ARM/mbed-os/targets/TARGET_NORDIC/TARGET_NRF5x/TARGET_SDK_11/libraries/fds/fds.o
    0x0003c6b0   0x00000008   Data   RO        27864    .constdata          BUILD/NRF51_DK/ARM/mbed-os/targets/TARGET_NORDIC/TARGET_NRF5x/lp_ticker.o
    0x0003c6b8   0x00000008   Data   RO        27918    .constdata          BUILD/NRF51_DK/ARM/mbed-os/targets/TARGET_NORDIC/TARGET_NRF5x/us_ticker.o
    0x0003c6c0   0x00000028   Data   RO        28068    .constdata          C:\Keil_v5\ARM\ARMCC\bin\..\lib\armlib\c_p.l(_printf_hex_int_ll_ptr.o)
    0x0003c6e8   0x00000011   Data   RO        28088    .constdata          C:\Keil_v5\ARM\ARMCC\bin\..\lib\armlib\c_p.l(__printf_flags_ss_wp.o)
    0x0003c6f9   0x00000001   Data   RO        28491    .constdata          C:\Keil_v5\ARM\ARMCC\bin\..\lib\cpplib\cpprt_p.l(nothrow_obj.o)
    0x0003c6fa   0x00000080   Data   RO        28504    .constdata          C:\Keil_v5\ARM\ARMCC\bin\..\lib\armlib\fz_ps.l(ddiv.o)
    0x0003c77a   0x00000040   Data   RO        28531    .constdata          C:\Keil_v5\ARM\ARMCC\bin\..\lib\armlib\fz_ps.l(fdiv.o)
    0x0003c7ba   0x00000002   PAD
    0x0003c7bc   0x00000008   Data   RO        28637    .constdata          C:\Keil_v5\ARM\ARMCC\bin\..\lib\armlib\c_p.l(_printf_wctomb.o)
    0x0003c7c4   0x00000026   Data   RO        28971    .constdata          C:\Keil_v5\ARM\ARMCC\bin\..\lib\armlib\c_p.l(_printf_fp_hex.o)
    0x0003c7ea   0x00000002   PAD
    0x0003c7ec   0x00000094   Data   RO        28992    .constdata          C:\Keil_v5\ARM\ARMCC\bin\..\lib\armlib\c_p.l(bigflt0.o)
    0x0003c880   0x00000040   Data   RO         4724    .constdata__ZTV10GattClient  BUILD/NRF51_DK/ARM/mbed-os/features/FEATURE_BLE/source/generic/GenericGattClient.o
    0x0003c8c0   0x00000050   Data   RO          276    .constdata__ZTV12Adafruit_GFX  BUILD/NRF51_DK/ARM/Adafruit-GFX-Library-Mbed_Compatible/Adafruit_GFX.o
    0x0003c910   0x00000050   Data   RO        25207    .constdata__ZTV12DirectSerial  BUILD/NRF51_DK/ARM/mbed-os/platform/mbed_retarget.o
    0x0003c960   0x00000058   Data   RO        11177    .constdata__ZTV12LoRaPHYEU868  BUILD/NRF51_DK/ARM/mbed-os/features/lorawan/lorastack/phy/LoRaPHYEU868.o
    0x0003c9b8   0x000000a0   Data   RO          703    .constdata__ZTV12TFT_ILI9163C  BUILD/NRF51_DK/ARM/TFT_ILI9163C/TFT_ILI9163C_GENERIC.o
    0x0003ca58   0x000000a4   Data   RO         5410    .constdata__ZTV15SecurityManager  BUILD/NRF51_DK/ARM/mbed-os/features/FEATURE_BLE/source/generic/GenericSecurityManager.o
    0x0003cafc   0x0000002c   Data   RO         5991    .constdata__ZTV15nRF5xGattServer  BUILD/NRF51_DK/ARM/mbed-os/features/FEATURE_BLE/targets/TARGET_NORDIC/TARGET_NORDIC_SOFTDEVICE/TARGET_NRF51/source/nRF5xGattServer.o
    0x0003cb28   0x0000006c   Data   RO        10109    .constdata__ZTV16LoRaWANInterface  BUILD/NRF51_DK/ARM/mbed-os/features/lorawan/LoRaWANInterface.o
    0x0003cb94   0x00000064   Data   RO          481    .constdata__ZTV16SX1276_LoRaRadio  BUILD/NRF51_DK/ARM/SX1276/SX1276_LoRaRadio.o
    0x0003cbf8   0x000000a0   Data   RO          645    .constdata__ZTV17TFT_ILI9163C_BASE  BUILD/NRF51_DK/ARM/TFT_ILI9163C/TFT_ILI9163C_BASE.o
    0x0003cc98   0x00000010   Data   RO         4519    .constdata__ZTV38CallChainOfFunctionPointersWithContextIN3Gap15TimeoutSource_tEE  BUILD/NRF51_DK/ARM/mbed-os/features/FEATURE_BLE/source/generic/GenericGap.o
    0x0003cca8   0x00000010   Data   RO         4740    .constdata__ZTV38CallChainOfFunctionPointersWithContextIPK10GattClientE  BUILD/NRF51_DK/ARM/mbed-os/features/FEATURE_BLE/source/generic/GenericGattClient.o
    0x0003ccb8   0x00000010   Data   RO         6653    .constdata__ZTV38CallChainOfFunctionPointersWithContextIPK10GattServerE  BUILD/NRF51_DK/ARM/mbed-os/features/FEATURE_BLE/targets/TARGET_NORDIC/TARGET_NORDIC_SOFTDEVICE/TARGET_NRF51/source/nRF5xn.o
    0x0003ccc8   0x00000010   Data   RO         5415    .constdata__ZTV38CallChainOfFunctionPointersWithContextIPK15SecurityManagerE  BUILD/NRF51_DK/ARM/mbed-os/features/FEATURE_BLE/source/generic/GenericSecurityManager.o
    0x0003ccd8   0x00000010   Data   RO         4726    .constdata__ZTV38CallChainOfFunctionPointersWithContextIPK21GattHVXCallbackParamsE  BUILD/NRF51_DK/ARM/mbed-os/features/FEATURE_BLE/source/generic/GenericGattClient.o
    0x0003cce8   0x00000010   Data   RO         4736    .constdata__ZTV38CallChainOfFunctionPointersWithContextIPK22GattReadCallbackParamsE  BUILD/NRF51_DK/ARM/mbed-os/features/FEATURE_BLE/source/generic/GenericGattClient.o
    0x0003ccf8   0x00000010   Data   RO         4738    .constdata__ZTV38CallChainOfFunctionPointersWithContextIPK23GattWriteCallbackParamsE  BUILD/NRF51_DK/ARM/mbed-os/features/FEATURE_BLE/source/generic/GenericGattClient.o
    0x0003cd08   0x00000010   Data   RO         4526    .constdata__ZTV38CallChainOfFunctionPointersWithContextIPK3GapE  BUILD/NRF51_DK/ARM/mbed-os/features/FEATURE_BLE/source/generic/GenericGap.o
    0x0003cd18   0x00000010   Data   RO         4522    .constdata__ZTV38CallChainOfFunctionPointersWithContextIPKN3Gap26ConnectionCallbackParams_tEE  BUILD/NRF51_DK/ARM/mbed-os/features/FEATURE_BLE/source/generic/GenericGap.o
    0x0003cd28   0x00000010   Data   RO         4524    .constdata__ZTV38CallChainOfFunctionPointersWithContextIPKN3Gap29DisconnectionCallbackParams_tEE  BUILD/NRF51_DK/ARM/mbed-os/features/FEATURE_BLE/source/generic/GenericGap.o
    0x0003cd38   0x00000010   Data   RO         6651    .constdata__ZTV38CallChainOfFunctionPointersWithContextIjE  BUILD/NRF51_DK/ARM/mbed-os/features/FEATURE_BLE/targets/TARGET_NORDIC/TARGET_NORDIC_SOFTDEVICE/TARGET_NRF51/source/nRF5xn.o
    0x0003cd48   0x0000013c   Data   RO         3498    .constdata__ZTV3Gap  BUILD/NRF51_DK/ARM/mbed-os/features/FEATURE_BLE/source/LegacyGap.o
    0x0003ce84   0x00000044   Data   RO         6625    .constdata__ZTV6nRF5xn  BUILD/NRF51_DK/ARM/mbed-os/features/FEATURE_BLE/targets/TARGET_NORDIC/TARGET_NORDIC_SOFTDEVICE/TARGET_NRF51/source/nRF5xn.o
    0x0003cec8   0x00000058   Data   RO        10998    .constdata__ZTV7LoRaPHY  BUILD/NRF51_DK/ARM/mbed-os/features/lorawan/lorastack/phy/LoRaPHY.o
    0x0003cf20   0x00000154   Data   RO         5898    .constdata__ZTV8nRF5xGap  BUILD/NRF51_DK/ARM/mbed-os/features/FEATURE_BLE/targets/TARGET_NORDIC/TARGET_NORDIC_SOFTDEVICE/TARGET_NRF51/source/nRF5xGap.o
    0x0003d074   0x00000040   Data   RO         6648    .constdata__ZTVN15SecurityManager18LegacyEventHandlerE  BUILD/NRF51_DK/ARM/mbed-os/features/FEATURE_BLE/targets/TARGET_NORDIC/TARGET_NORDIC_SOFTDEVICE/TARGET_NRF51/source/nRF5xn.o
    0x0003d0b4   0x00000058   Data   RO         6179    .constdata__ZTVN3ble3pal10GattClientE  BUILD/NRF51_DK/ARM/mbed-os/features/FEATURE_BLE/targets/TARGET_NORDIC/TARGET_NORDIC_SOFTDEVICE/TARGET_NRF51/source/nRF5xPalGattClient.o
    0x0003d10c   0x00000058   Data   RO         6163    .constdata__ZTVN3ble3pal6vendor6nordic15nRF5xGattClientE  BUILD/NRF51_DK/ARM/mbed-os/features/FEATURE_BLE/targets/TARGET_NORDIC/TARGET_NORDIC_SOFTDEVICE/TARGET_NRF51/source/nRF5xPalGattClient.o
    0x0003d164   0x00000098   Data   RO         6553    .constdata__ZTVN3ble3pal6vendor6nordic20nRF5xSecurityManagerE  BUILD/NRF51_DK/ARM/mbed-os/features/FEATURE_BLE/targets/TARGET_NORDIC/TARGET_NORDIC_SOFTDEVICE/TARGET_NRF51/source/nRF5xPalSecurityManager.o
    0x0003d1fc   0x00000050   Data   RO         4681    .constdata__ZTVN3ble7generic17GenericGattClientE  BUILD/NRF51_DK/ARM/mbed-os/features/FEATURE_BLE/source/generic/GenericGattClient.o
    0x0003d24c   0x000001c0   Data   RO         5373    .constdata__ZTVN3ble7generic22GenericSecurityManagerE  BUILD/NRF51_DK/ARM/mbed-os/features/FEATURE_BLE/source/generic/GenericSecurityManager.o
    0x0003d40c   0x00000050   Data   RO        24625    .constdata__ZTVN4mbed10FileHandleE  BUILD/NRF51_DK/ARM/mbed-os/platform/FileHandle.o
    0x0003d45c   0x00000018   Data   RO         2566    .constdata__ZTVN4mbed10SerialBaseE  BUILD/NRF51_DK/ARM/mbed-os/drivers/SerialBase.o
    0x0003d474   0x00000014   Data   RO         2697    .constdata__ZTVN4mbed10TimerEventE  BUILD/NRF51_DK/ARM/mbed-os/drivers/TimerEvent.o
    0x0003d488   0x00000010   Data   RO         2082    .constdata__ZTVN4mbed11InterruptInE  BUILD/NRF51_DK/ARM/mbed-os/drivers/InterruptIn.o
    0x0003d498   0x00000014   Data   RO          501    .constdata__ZTVN4mbed15LowPowerTimeoutE  BUILD/NRF51_DK/ARM/SX1276/SX1276_LoRaRadio.o
    0x0003d4ac   0x00000020   Data   RO         2354    .constdata__ZTVN4mbed3SPIE  BUILD/NRF51_DK/ARM/mbed-os/drivers/SPI.o
    0x0003d4cc   0x00000090   Data   RO         2419    .constdata__ZTVN4mbed6SerialE  BUILD/NRF51_DK/ARM/mbed-os/drivers/Serial.o
    0x0003d55c   0x00000070   Data   RO        24786    .constdata__ZTVN4mbed6StreamE  BUILD/NRF51_DK/ARM/mbed-os/platform/Stream.o
    0x0003d5cc   0x00000014   Data   RO         2597    .constdata__ZTVN4mbed6TickerE  BUILD/NRF51_DK/ARM/mbed-os/drivers/Ticker.o
    0x0003d5e0   0x00000014   Data   RO         2616    .constdata__ZTVN4mbed7TimeoutE  BUILD/NRF51_DK/ARM/mbed-os/drivers/Timeout.o
    0x0003d5f4   0x00000018   Data   RO          849    .constdata__ZTVN4mbed8AnalogInE  BUILD/NRF51_DK/ARM/main.o
    0x0003d60c   0x00000010   Data   RO        24611    .constdata__ZTVN4mbed8FileBaseE  BUILD/NRF51_DK/ARM/mbed-os/platform/FileBase.o
    0x0003d61c   0x00000010   Data   RO        26314    .constdata__ZTVN4rtos6ThreadE  BUILD/NRF51_DK/ARM/mbed-os/rtos/Thread.o
    0x0003d62c   0x00000014   Data   RO        25523    .constdata__ZTVN4rtos8internal8SysTimerE  BUILD/NRF51_DK/ARM/mbed-os/rtos/TARGET_CORTEX/SysTimer.o
    0x0003d640   0x0000000c   Data   RO        10347    .constdata__ZZN4mbed8CallbackIF14lorawan_status13device_statesEE8generateINS4_14method_contextI12LoRaWANStackMS7_FS1_S2_EEEEEvRKT_E3ops  BUILD/NRF51_DK/ARM/mbed-os/features/lorawan/LoRaWANStack.o
    0x0003d64c   0x0000000c   Data   RO          851    .constdata__ZZN4mbed8CallbackIFv11lora_eventsEE8generateIPS2_EEvRKT_E3ops  BUILD/NRF51_DK/ARM/main.o
    0x0003d658   0x0000000c   Data   RO        10344    .constdata__ZZN4mbed8CallbackIFvPKhtsaEE8generateINS4_14method_contextI12LoRaWANStackMS7_FvS2_tsaEEEEEvRKT_E3ops  BUILD/NRF51_DK/ARM/mbed-os/features/lorawan/LoRaWANStack.o
    0x0003d664   0x0000000c   Data   RO         5416    .constdata__ZZN4mbed8CallbackIFvPvPKN3ble7generic19SecurityEntryKeys_tEEE8generateINS8_14method_contextINS3_22GenericSecurityManagerEMSB_FvS1_S6_EEEEEvRKT_E3ops  BUILD/NRF51_DK/ARM/mbed-os/features/FEATURE_BLE/source/generic/GenericSecurityManager.o
    0x0003d670   0x0000000c   Data   RO         5417    .constdata__ZZN4mbed8CallbackIFvPvPKN3ble7generic22SecurityEntrySigning_tEEE8generateINS8_14method_contextINS3_22GenericSecurityManagerEMSB_FvS1_S6_EEEEEvRKT_E3ops  BUILD/NRF51_DK/ARM/mbed-os/features/FEATURE_BLE/source/generic/GenericSecurityManager.o
    0x0003d67c   0x0000000c   Data   RO         5418    .constdata__ZZN4mbed8CallbackIFvPvPKN3ble7generic23SecurityEntryIdentity_tEEE8generateINS8_14method_contextINS3_22GenericSecurityManagerEMSB_FvS1_S6_EEEEEvRKT_E3ops  BUILD/NRF51_DK/ARM/mbed-os/features/FEATURE_BLE/source/generic/GenericSecurityManager.o
    0x0003d688   0x0000000c   Data   RO        10346    .constdata__ZZN4mbed8CallbackIFvbEE8generateINS2_14method_contextI12LoRaWANStackMS5_FvbEEEEEvRKT_E3ops  BUILD/NRF51_DK/ARM/mbed-os/features/lorawan/LoRaWANStack.o
    0x0003d694   0x0000000c   Data   RO        10345    .constdata__ZZN4mbed8CallbackIFvhEE8generateINS2_14method_contextI12LoRaWANStackMS5_FvhEEEEEvRKT_E3ops  BUILD/NRF51_DK/ARM/mbed-os/features/lorawan/LoRaWANStack.o
    0x0003d6a0   0x0000000c   Data   RO         4743    .constdata__ZZN4mbed8CallbackIFvjEE8generateINS2_14method_contextIN3ble7generic17GenericGattClientEMS7_FvjEEEEEvRKT_E3ops  BUILD/NRF51_DK/ARM/mbed-os/features/FEATURE_BLE/source/generic/GenericGattClient.o
    0x0003d6ac   0x0000000c   Data   RO         4742    .constdata__ZZN4mbed8CallbackIFvjRKN3ble3pal16AttServerMessageEEE8generateINS7_14method_contextINS1_7generic17GenericGattClientEMSB_FvjS5_EEEEEvRKT_E3ops  BUILD/NRF51_DK/ARM/mbed-os/features/FEATURE_BLE/source/generic/GenericGattClient.o
    0x0003d6b8   0x0000000c   Data   RO        10343    .constdata__ZZN4mbed8CallbackIFvvEE8generateINS2_14method_contextI12LoRaWANStackMS5_FvvEEEEEvRKT_E3ops  BUILD/NRF51_DK/ARM/mbed-os/features/lorawan/LoRaWANStack.o
    0x0003d6c4   0x0000000c   Data   RO          503    .constdata__ZZN4mbed8CallbackIFvvEE8generateINS2_14method_contextI16SX1276_LoRaRadioMS5_FvvEEEEEvRKT_E3ops  BUILD/NRF51_DK/ARM/SX1276/SX1276_LoRaRadio.o
    0x0003d6d0   0x0000000c   Data   RO          850    .constdata__ZZN4mbed8CallbackIFvvEE8generateINS2_14method_contextI3BLEMS5_FvvEEEEEvRKT_E3ops  BUILD/NRF51_DK/ARM/main.o
    0x0003d6dc   0x0000000c   Data   RO        10622    .constdata__ZZN4mbed8CallbackIFvvEE8generateINS2_14method_contextI7LoRaMacMS5_FvvEEEEEvRKT_E3ops  BUILD/NRF51_DK/ARM/mbed-os/features/lorawan/lorastack/mac/LoRaMac.o
    0x0003d6e8   0x00000014   Data   RO          798    .constdata__ZZNK12SingletonPtrIN4rtos5MutexEE3getEvEs  BUILD/NRF51_DK/ARM/main.o
    0x0003d6fc   0x00000022   Data   RO          799    .constdata__ZZNK12SingletonPtrIN4rtos5MutexEE3getEvEs_0  BUILD/NRF51_DK/ARM/main.o
    0x0003d71e   0x00000005   Data   RO        10296    .constdata__ZZNK4mbed8CallbackIF14lorawan_status13device_statesEE4callES2_Es  BUILD/NRF51_DK/ARM/mbed-os/features/lorawan/LoRaWANStack.o
    0x0003d723   0x0000001e   Data   RO        10297    .constdata__ZZNK4mbed8CallbackIF14lorawan_status13device_statesEE4callES2_Es_0  BUILD/NRF51_DK/ARM/mbed-os/features/lorawan/LoRaWANStack.o
    0x0003d741   0x00000005   Data   RO        10292    .constdata__ZZNK4mbed8CallbackIFv11lora_eventsEE4callES1_Es  BUILD/NRF51_DK/ARM/mbed-os/features/lorawan/LoRaWANStack.o
    0x0003d746   0x0000001e   Data   RO        10293    .constdata__ZZNK4mbed8CallbackIFv11lora_eventsEE4callES1_Es_0  BUILD/NRF51_DK/ARM/mbed-os/features/lorawan/LoRaWANStack.o
    0x0003d764   0x00000005   Data   RO          484    .constdata__ZZNK4mbed8CallbackIFvPKhtsaEE4callES2_tsaEs  BUILD/NRF51_DK/ARM/SX1276/SX1276_LoRaRadio.o
    0x0003d769   0x0000001e   Data   RO          485    .constdata__ZZNK4mbed8CallbackIFvPKhtsaEE4callES2_tsaEs_0  BUILD/NRF51_DK/ARM/SX1276/SX1276_LoRaRadio.o
    0x0003d787   0x00000005   Data   RO          488    .constdata__ZZNK4mbed8CallbackIFvbEE4callEbEs  BUILD/NRF51_DK/ARM/SX1276/SX1276_LoRaRadio.o
    0x0003d78c   0x0000001e   Data   RO          489    .constdata__ZZNK4mbed8CallbackIFvbEE4callEbEs_0  BUILD/NRF51_DK/ARM/SX1276/SX1276_LoRaRadio.o
    0x0003d7aa   0x00000005   Data   RO          486    .constdata__ZZNK4mbed8CallbackIFvhEE4callEhEs  BUILD/NRF51_DK/ARM/SX1276/SX1276_LoRaRadio.o
    0x0003d7af   0x0000001e   Data   RO          487    .constdata__ZZNK4mbed8CallbackIFvhEE4callEhEs_0  BUILD/NRF51_DK/ARM/SX1276/SX1276_LoRaRadio.o
    0x0003d7cd   0x00000005   Data   RO        10294    .constdata__ZZNK4mbed8CallbackIFvhhEE4callEhhEs  BUILD/NRF51_DK/ARM/mbed-os/features/lorawan/LoRaWANStack.o
    0x0003d7d2   0x0000001e   Data   RO        10295    .constdata__ZZNK4mbed8CallbackIFvhhEE4callEhhEs_0  BUILD/NRF51_DK/ARM/mbed-os/features/lorawan/LoRaWANStack.o
    0x0003d7f0   0x00000005   Data   RO         2019    .constdata__ZZNK4mbed8CallbackIFviEE4callEiEs  BUILD/NRF51_DK/ARM/mbed-os/drivers/I2C.o
    0x0003d7f5   0x0000001e   Data   RO         2020    .constdata__ZZNK4mbed8CallbackIFviEE4callEiEs_0  BUILD/NRF51_DK/ARM/mbed-os/drivers/I2C.o
    0x0003d813   0x00000005   Data   RO          482    .constdata__ZZNK4mbed8CallbackIFvvEE4callEvEs  BUILD/NRF51_DK/ARM/SX1276/SX1276_LoRaRadio.o
    0x0003d818   0x0000001e   Data   RO          483    .constdata__ZZNK4mbed8CallbackIFvvEE4callEvEs_0  BUILD/NRF51_DK/ARM/SX1276/SX1276_LoRaRadio.o
    0x0003d836   0x00000002   PAD
    0x0003d838   0x00000049   Data   RO          891    .conststring        BUILD/NRF51_DK/ARM/mbed-os/cmsis/TARGET_CORTEX_M/mbed_fault_handler.o
    0x0003d881   0x00000003   PAD
    0x0003d884   0x00000356   Data   RO         3162    .conststring        BUILD/NRF51_DK/ARM/mbed-os/features/FEATURE_BLE/source/BLE.o
    0x0003dbda   0x00000002   PAD
    0x0003dbdc   0x00000049   Data   RO         5158    .conststring        BUILD/NRF51_DK/ARM/mbed-os/features/FEATURE_BLE/source/generic/GenericSecurityManager.o
    0x0003dc25   0x00000003   PAD
    0x0003dc28   0x0000006f   Data   RO         5839    .conststring        BUILD/NRF51_DK/ARM/mbed-os/features/FEATURE_BLE/targets/TARGET_NORDIC/TARGET_NORDIC_SOFTDEVICE/TARGET_NRF51/source/nRF5xGap.o
    0x0003dc97   0x00000001   PAD
    0x0003dc98   0x0000005d   Data   RO        10231    .conststring        BUILD/NRF51_DK/ARM/mbed-os/features/lorawan/LoRaWANStack.o
    0x0003dcf5   0x00000003   PAD
    0x0003dcf8   0x0000000c   Data   RO        12919    .conststring        BUILD/NRF51_DK/ARM/mbed-os/features/mbedtls/src/cipher_wrap.o
    0x0003dd04   0x0000000c   Data   RO        12920    .conststring        BUILD/NRF51_DK/ARM/mbed-os/features/mbedtls/src/cipher_wrap.o
    0x0003dd10   0x0000000c   Data   RO        12921    .conststring        BUILD/NRF51_DK/ARM/mbed-os/features/mbedtls/src/cipher_wrap.o
    0x0003dd1c   0x0000000c   Data   RO        12922    .conststring        BUILD/NRF51_DK/ARM/mbed-os/features/mbedtls/src/cipher_wrap.o
    0x0003dd28   0x0000000c   Data   RO        12923    .conststring        BUILD/NRF51_DK/ARM/mbed-os/features/mbedtls/src/cipher_wrap.o
    0x0003dd34   0x0000000c   Data   RO        12924    .conststring        BUILD/NRF51_DK/ARM/mbed-os/features/mbedtls/src/cipher_wrap.o
    0x0003dd40   0x0000000c   Data   RO        12925    .conststring        BUILD/NRF51_DK/ARM/mbed-os/features/mbedtls/src/cipher_wrap.o
    0x0003dd4c   0x0000000c   Data   RO        12926    .conststring        BUILD/NRF51_DK/ARM/mbed-os/features/mbedtls/src/cipher_wrap.o
    0x0003dd58   0x0000000c   Data   RO        12927    .conststring        BUILD/NRF51_DK/ARM/mbed-os/features/mbedtls/src/cipher_wrap.o
    0x0003dd64   0x0000000c   Data   RO        12928    .conststring        BUILD/NRF51_DK/ARM/mbed-os/features/mbedtls/src/cipher_wrap.o
    0x0003dd70   0x0000000c   Data   RO        12929    .conststring        BUILD/NRF51_DK/ARM/mbed-os/features/mbedtls/src/cipher_wrap.o
    0x0003dd7c   0x0000000c   Data   RO        12930    .conststring        BUILD/NRF51_DK/ARM/mbed-os/features/mbedtls/src/cipher_wrap.o
    0x0003dd88   0x0000000c   Data   RO        12931    .conststring        BUILD/NRF51_DK/ARM/mbed-os/features/mbedtls/src/cipher_wrap.o
    0x0003dd94   0x0000000c   Data   RO        12932    .conststring        BUILD/NRF51_DK/ARM/mbed-os/features/mbedtls/src/cipher_wrap.o
    0x0003dda0   0x0000000c   Data   RO        12933    .conststring        BUILD/NRF51_DK/ARM/mbed-os/features/mbedtls/src/cipher_wrap.o
    0x0003ddac   0x000000f4   Data   RO        24893    .conststring        BUILD/NRF51_DK/ARM/mbed-os/platform/mbed_error.o
    0x0003dea0   0x00000009   Data   RO        25826    .conststring        BUILD/NRF51_DK/ARM/mbed-os/rtos/TARGET_CORTEX/rtx5/RTX/Source/rtx_lib.o
    0x0003dea9   0x00000003   PAD
    0x0003deac   0x0000000a   Data   RO        25827    .conststring        BUILD/NRF51_DK/ARM/mbed-os/rtos/TARGET_CORTEX/rtx5/RTX/Source/rtx_lib.o
    0x0003deb6   0x00000002   PAD
    0x0003deb8   0x00000070   Data   RO        26215    .conststring        BUILD/NRF51_DK/ARM/mbed-os/rtos/ThisThread.o
    0x0003df28   0x000000a9   Data   RO        26325    .conststring        BUILD/NRF51_DK/ARM/mbed-os/targets/TARGET_NORDIC/TARGET_NRF5x/TARGET_NRF51/TARGET_MCU_NRF51822_UNIFIED/analogin_api.o
    0x0003dfd1   0x00000003   PAD
    0x0003dfd4   0x00000078   Data   RO        26399    .conststring        BUILD/NRF51_DK/ARM/mbed-os/targets/TARGET_NORDIC/TARGET_NRF5x/TARGET_NRF51/TARGET_MCU_NRF51822_UNIFIED/sdk/drivers_nrf/adc/nrf_drv_adc.o
    0x0003e04c   0x00000044   Data   RO        26551    .conststring        BUILD/NRF51_DK/ARM/mbed-os/targets/TARGET_NORDIC/TARGET_NRF5x/TARGET_NRF51/spi_api.o
    0x0003e090   0x0000005f   Data   RO        27264    .conststring        BUILD/NRF51_DK/ARM/mbed-os/targets/TARGET_NORDIC/TARGET_NRF5x/TARGET_SDK_11/drivers_nrf/common/nrf_drv_common.o
    0x0003e0ef   0x00000001   PAD
    0x0003e0f0   0x0000005f   Data   RO        27304    .conststring        BUILD/NRF51_DK/ARM/mbed-os/targets/TARGET_NORDIC/TARGET_NRF5x/TARGET_SDK_11/drivers_nrf/gpiote/nrf_drv_gpiote.o
    0x0003e14f   0x00000001   PAD
    0x0003e150   0x00000060   Data   RO        27479    .conststring        BUILD/NRF51_DK/ARM/mbed-os/targets/TARGET_NORDIC/TARGET_NRF5x/TARGET_SDK_11/drivers_nrf/spi_master/nrf_drv_spi.o
    0x0003e1b0   0x00000060   Data   RO        27497    .conststring        BUILD/NRF51_DK/ARM/mbed-os/targets/TARGET_NORDIC/TARGET_NRF5x/TARGET_SDK_11/drivers_nrf/spi_slave/nrf_drv_spis.o
    0x0003e210   0x0000000b   Data   RO        25778    .conststrlit        BUILD/NRF51_DK/ARM/mbed-os/rtos/TARGET_CORTEX/rtx5/RTX/Source/rtx_kernel.o
    0x0003e21b   0x00000001   PAD
    0x0003e21c   0x00000068   Data   RO        25829    .rodata             BUILD/NRF51_DK/ARM/mbed-os/rtos/TARGET_CORTEX/rtx5/RTX/Source/rtx_lib.o
    0x0003e284   0x00000020   Data   RO        29872    Region$$Table       anon$$obj.o
    0x0003e2a4   0x00000110   Data   RO        28703    locale$$data        C:\Keil_v5\ARM\ARMCC\bin\..\lib\armlib\c_p.l(lc_ctype_c.o)
    0x0003e3b4   0x0000001c   Data   RO        29026    locale$$data        C:\Keil_v5\ARM\ARMCC\bin\..\lib\armlib\c_p.l(lc_numeric_c.o)
    0x0003e3d0   0x00000004   Data   RO          771    .init_array         BUILD/NRF51_DK/ARM/main.o
    0x0003e3d4   0x00000004   Data   RO         4259    .init_array         BUILD/NRF51_DK/ARM/mbed-os/features/FEATURE_BLE/source/generic/GenericGap.o
    0x0003e3d8   0x00000004   Data   RO        14542    .init_array         BUILD/NRF51_DK/ARM/mbed-os/features/nanostack/nanostack-hal-mbed-cmsis-rtos/arm_hal_fhss_timer.o
    0x0003e3dc   0x00000000   Data   RO        28228    .init_array         C:\Keil_v5\ARM\ARMCC\bin\..\lib\armlib\c_p.l(init_aeabi.o)
    0x0003e3dc   0x00000004   Data   RO        29104    .init_array         C:\Keil_v5\ARM\ARMCC\bin\..\lib\cpplib\cpp_ps.l(char.o)
    0x0003e3e0   0x00000004   Data   RO        29395    .init_array         C:\Keil_v5\ARM\ARMCC\bin\..\lib\cpplib\cpp_ps.l(locale.o)
    0x0003e3e4   0x00000004   Data   RO        29675    .init_array         C:\Keil_v5\ARM\ARMCC\bin\..\lib\cpplib\cpp_ps.l(rwcats.o)


    Execution Region RW_IRAM0 (Base: 0x20002ef8, Size: 0x000000c0, Max: 0x000000c0, ABSOLUTE, UNINIT)

    Base Addr    Size         Type   Attr      Idx    E Section Name        Object

    0x20002ef8   0x000000c0   Zero   RW        26466    .bss.noinit         BUILD/NRF51_DK/ARM/mbed-os/targets/TARGET_NORDIC/TARGET_NRF5x/TARGET_NRF51/reloc_vector_table.o


    Execution Region RW_IRAM1 (Base: 0x20002fb8, Size: 0x00003ae4, Max: 0x00005048, ABSOLUTE, COMPRESSED[0x00000090])

    Base Addr    Size         Type   Attr      Idx    E Section Name        Object

    0x20002fb8   0x00000040   Data   RW        25815    .bss.os             BUILD/NRF51_DK/ARM/mbed-os/rtos/TARGET_CORTEX/rtx5/RTX/Source/rtx_lib.o
    0x20002ff8   0x000001f0   Data   RW        25538    .bss.os.libspace    BUILD/NRF51_DK/ARM/mbed-os/rtos/TARGET_CORTEX/TOOLCHAIN_ARM_STD/mbed_boot_arm_std.o
    0x200031e8   0x00000034   Data   RW        25816    .bss.os.msgqueue.cb  BUILD/NRF51_DK/ARM/mbed-os/rtos/TARGET_CORTEX/rtx5/RTX/Source/rtx_lib.o
    0x2000321c   0x00000050   Data   RW        25817    .bss.os.msgqueue.mem  BUILD/NRF51_DK/ARM/mbed-os/rtos/TARGET_CORTEX/rtx5/RTX/Source/rtx_lib.o
    0x2000326c   0x00000044   Data   RW        25818    .bss.os.thread.cb   BUILD/NRF51_DK/ARM/mbed-os/rtos/TARGET_CORTEX/rtx5/RTX/Source/rtx_lib.o
    0x200032b0   0x00000044   Data   RW        25819    .bss.os.thread.cb   BUILD/NRF51_DK/ARM/mbed-os/rtos/TARGET_CORTEX/rtx5/RTX/Source/rtx_lib.o
    0x200032f4   0x00000004   PAD
    0x200032f8   0x00000200   Data   RW        25820    .bss.os.thread.stack  BUILD/NRF51_DK/ARM/mbed-os/rtos/TARGET_CORTEX/rtx5/RTX/Source/rtx_lib.o
    0x200034f8   0x00000300   Data   RW        25821    .bss.os.thread.stack  BUILD/NRF51_DK/ARM/mbed-os/rtos/TARGET_CORTEX/rtx5/RTX/Source/rtx_lib.o
    0x200037f8   0x00000070   Data   RW          764    .data               BUILD/NRF51_DK/ARM/main.o
    0x20003868   0x00000004   Data   RW         2322    .data               BUILD/NRF51_DK/ARM/mbed-os/drivers/SPI.o
    0x2000386c   0x00000040   Data   RW         3163    .data               BUILD/NRF51_DK/ARM/mbed-os/features/FEATURE_BLE/source/BLE.o
    0x200038ac   0x00000008   Data   RW         4258    .data               BUILD/NRF51_DK/ARM/mbed-os/features/FEATURE_BLE/source/generic/GenericGap.o
    0x200038b4   0x00000001   Data   RW         5688    .data               BUILD/NRF51_DK/ARM/mbed-os/features/FEATURE_BLE/targets/TARGET_NORDIC/TARGET_NORDIC_SOFTDEVICE/TARGET_NRF51/source/btle/btle.o
    0x200038b5   0x00000003   PAD
    0x200038b8   0x00000004   Data   RW         5720    .data               BUILD/NRF51_DK/ARM/mbed-os/features/FEATURE_BLE/targets/TARGET_NORDIC/TARGET_NORDIC_SOFTDEVICE/TARGET_NRF51/source/btle/custom/custom_helper.o
    0x200038bc   0x00000004   Data   RW         6099    .data               BUILD/NRF51_DK/ARM/mbed-os/features/FEATURE_BLE/targets/TARGET_NORDIC/TARGET_NORDIC_SOFTDEVICE/TARGET_NRF51/source/nRF5xPalGattClient.o
    0x200038c0   0x00000004   Data   RW         6497    .data               BUILD/NRF51_DK/ARM/mbed-os/features/FEATURE_BLE/targets/TARGET_NORDIC/TARGET_NORDIC_SOFTDEVICE/TARGET_NRF51/source/nRF5xPalSecurityManager.o
    0x200038c4   0x00000014   Data   RW         6602    .data               BUILD/NRF51_DK/ARM/mbed-os/features/FEATURE_BLE/targets/TARGET_NORDIC/TARGET_NORDIC_SOFTDEVICE/TARGET_NRF51/source/nRF5xn.o
    0x200038d8   0x00000004   Data   RW        13408    .data               BUILD/NRF51_DK/ARM/mbed-os/features/mbedtls/src/platform_util.o
    0x200038dc   0x00000004   Data   RW        24351    .data               BUILD/NRF51_DK/ARM/mbed-os/hal/mbed_lp_ticker_api.o
    0x200038e0   0x00000004   Data   RW        24417    .data               BUILD/NRF51_DK/ARM/mbed-os/hal/mbed_us_ticker_api.o
    0x200038e4   0x00000004   Data   RW        24507    .data               BUILD/NRF51_DK/ARM/mbed-os/platform/CThunkBase.o
    0x200038e8   0x00000008   Data   RW        24599    .data               BUILD/NRF51_DK/ARM/mbed-os/platform/FileBase.o
    0x200038f0   0x00000004   Data   RW        24850    .data               BUILD/NRF51_DK/ARM/mbed-os/platform/mbed_critical.o
    0x200038f4   0x0000000c   Data   RW        24894    .data               BUILD/NRF51_DK/ARM/mbed-os/platform/mbed_error.o
    0x20003900   0x00000004   Data   RW        25108    .data               BUILD/NRF51_DK/ARM/mbed-os/platform/mbed_retarget.o
    0x20003904   0x00000004   Data   RW        25109    .data               BUILD/NRF51_DK/ARM/mbed-os/platform/mbed_retarget.o
    0x20003908   0x00000048   Data   RW        25110    .data               BUILD/NRF51_DK/ARM/mbed-os/platform/mbed_retarget.o
    0x20003950   0x00000018   Data   RW        25298    .data               BUILD/NRF51_DK/ARM/mbed-os/platform/mbed_sleep_manager.o
    0x20003968   0x00000001   Data   RW        25539    .data               BUILD/NRF51_DK/ARM/mbed-os/rtos/TARGET_CORTEX/TOOLCHAIN_ARM_STD/mbed_boot_arm_std.o
    0x20003969   0x00000003   PAD
    0x2000396c   0x00000004   Data   RW        25556    .data               BUILD/NRF51_DK/ARM/mbed-os/rtos/TARGET_CORTEX/mbed_boot.o
    0x20003970   0x00000004   Data   RW        25557    .data               BUILD/NRF51_DK/ARM/mbed-os/rtos/TARGET_CORTEX/mbed_boot.o
    0x20003974   0x00000004   Data   RW        25570    .data               BUILD/NRF51_DK/ARM/mbed-os/rtos/TARGET_CORTEX/mbed_rtos_rtx.o
    0x20003978   0x00000004   Data   RW        25582    .data               BUILD/NRF51_DK/ARM/mbed-os/rtos/TARGET_CORTEX/mbed_rtx_handlers.o
    0x2000397c   0x00000008   Data   RW        25613    .data               BUILD/NRF51_DK/ARM/mbed-os/rtos/TARGET_CORTEX/mbed_rtx_idle.o
    0x20003984   0x00000001   Data   RW        26173    .data               BUILD/NRF51_DK/ARM/mbed-os/rtos/TARGET_CORTEX/rtx5/Source/os_systick.o
    0x20003985   0x00000003   PAD
    0x20003988   0x00000004   Data   RW        26346    .data               BUILD/NRF51_DK/ARM/mbed-os/targets/TARGET_NORDIC/TARGET_NRF5x/TARGET_NRF51/TARGET_MCU_NRF51822_UNIFIED/device/system_nrf51.o
    0x2000398c   0x00000001   Data   RW        26457    .data               BUILD/NRF51_DK/ARM/mbed-os/targets/TARGET_NORDIC/TARGET_NRF5x/TARGET_NRF51/nordic_critical.o
    0x2000398d   0x00000003   PAD
    0x20003990   0x00000004   Data   RW        26497    .data               BUILD/NRF51_DK/ARM/mbed-os/targets/TARGET_NORDIC/TARGET_NRF5x/TARGET_NRF51/serial_api.o
    0x20003994   0x00000010   Data   RW        26552    .data               BUILD/NRF51_DK/ARM/mbed-os/targets/TARGET_NORDIC/TARGET_NRF5x/TARGET_NRF51/spi_api.o
    0x200039a4   0x00000010   Data   RW        27265    .data               BUILD/NRF51_DK/ARM/mbed-os/targets/TARGET_NORDIC/TARGET_NRF5x/TARGET_SDK_11/drivers_nrf/common/nrf_drv_common.o
    0x200039b4   0x00000018   Data   RW        27606    .data               BUILD/NRF51_DK/ARM/mbed-os/targets/TARGET_NORDIC/TARGET_NRF5x/TARGET_SDK_11/libraries/fds/fds.o
    0x200039cc   0x00000002   Data   RW        27647    .data               BUILD/NRF51_DK/ARM/mbed-os/targets/TARGET_NORDIC/TARGET_NRF5x/TARGET_SDK_11/libraries/fstorage/fstorage.o
    0x200039ce   0x00000002   PAD
    0x200039d0   0x0000001c   Data   RW        27787    .data               BUILD/NRF51_DK/ARM/mbed-os/targets/TARGET_NORDIC/TARGET_NRF5x/TARGET_SDK_11/softdevice/common/softdevice_handler/softdevice_handler.o
    0x200039ec   0x00000008   Data   RW        27817    .data               BUILD/NRF51_DK/ARM/mbed-os/targets/TARGET_NORDIC/TARGET_NRF5x/common_rtc.o
    0x200039f4   0x0000000c   Data   RW        27840    .data               BUILD/NRF51_DK/ARM/mbed-os/targets/TARGET_NORDIC/TARGET_NRF5x/gpio_api.o
    0x20003a00   0x00000001   Data   RW        27919    .data               BUILD/NRF51_DK/ARM/mbed-os/targets/TARGET_NORDIC/TARGET_NRF5x/us_ticker.o
    0x20003a01   0x00000003   PAD
    0x20003a04   0x00000004   Data   RW        28144    .data               C:\Keil_v5\ARM\ARMCC\bin\..\lib\armlib\c_p.l(stdio_streams.o)
    0x20003a08   0x00000004   Data   RW        28145    .data               C:\Keil_v5\ARM\ARMCC\bin\..\lib\armlib\c_p.l(stdio_streams.o)
    0x20003a0c   0x00000004   Data   RW        28146    .data               C:\Keil_v5\ARM\ARMCC\bin\..\lib\armlib\c_p.l(stdio_streams.o)
    0x20003a10   0x00000004   Data   RW        28694    .data               C:\Keil_v5\ARM\ARMCC\bin\..\lib\armlib\c_p.l(streamlock.o)
    0x20003a14   0x00000008   Data   RW        29103    .data               C:\Keil_v5\ARM\ARMCC\bin\..\lib\cpplib\cpp_ps.l(char.o)
    0x20003a1c   0x0000001c   Data   RW        29394    .data               C:\Keil_v5\ARM\ARMCC\bin\..\lib\cpplib\cpp_ps.l(locale.o)
    0x20003a38   0x00000008   Data   RW        29674    .data               C:\Keil_v5\ARM\ARMCC\bin\..\lib\cpplib\cpp_ps.l(rwcats.o)
    0x20003a40   0x000000a4   Data   RW        25779    .data.os            BUILD/NRF51_DK/ARM/mbed-os/rtos/TARGET_CORTEX/rtx5/RTX/Source/rtx_kernel.o
    0x20003ae4   0x00000010   Data   RW        27607    fs_data             BUILD/NRF51_DK/ARM/mbed-os/targets/TARGET_NORDIC/TARGET_NRF5x/TARGET_SDK_11/libraries/fds/fds.o
    0x20003af4   0x00000004   PAD
    0x20003af8   0x00000eea   Zero   RW          760    .bss                BUILD/NRF51_DK/ARM/main.o
    0x200049e2   0x00000002   PAD
    0x200049e4   0x00000054   Zero   RW          889    .bss                BUILD/NRF51_DK/ARM/mbed-os/cmsis/TARGET_CORTEX_M/mbed_fault_handler.o
    0x20004a38   0x00000030   Zero   RW         1779    .bss                BUILD/NRF51_DK/ARM/mbed-os/drivers/AnalogIn.o
    0x20004a68   0x00000030   Zero   RW         2320    .bss                BUILD/NRF51_DK/ARM/mbed-os/drivers/SPI.o
    0x20004a98   0x00000020   Zero   RW         3160    .bss                BUILD/NRF51_DK/ARM/mbed-os/features/FEATURE_BLE/source/BLE.o
    0x20004ab8   0x00000080   Zero   RW         5686    .bss                BUILD/NRF51_DK/ARM/mbed-os/features/FEATURE_BLE/targets/TARGET_NORDIC/TARGET_NORDIC_SOFTDEVICE/TARGET_NRF51/source/btle/btle.o
    0x20004b38   0x00000044   Zero   RW         5719    .bss                BUILD/NRF51_DK/ARM/mbed-os/features/FEATURE_BLE/targets/TARGET_NORDIC/TARGET_NORDIC_SOFTDEVICE/TARGET_NRF51/source/btle/custom/custom_helper.o
    0x20004b7c   0x00000034   Zero   RW         6093    .bss                BUILD/NRF51_DK/ARM/mbed-os/features/FEATURE_BLE/targets/TARGET_NORDIC/TARGET_NORDIC_SOFTDEVICE/TARGET_NRF51/source/nRF5xPalGattClient.o
    0x20004bb0   0x000000e0   Zero   RW         6496    .bss                BUILD/NRF51_DK/ARM/mbed-os/features/FEATURE_BLE/targets/TARGET_NORDIC/TARGET_NORDIC_SOFTDEVICE/TARGET_NRF51/source/nRF5xPalSecurityManager.o
    0x20004c90   0x0000030c   Zero   RW         6598    .bss                BUILD/NRF51_DK/ARM/mbed-os/features/FEATURE_BLE/targets/TARGET_NORDIC/TARGET_NORDIC_SOFTDEVICE/TARGET_NRF51/source/nRF5xn.o
    0x20004f9c   0x00000004   PAD
    0x20004fa0   0x000000c0   Zero   RW        14538    .bss                BUILD/NRF51_DK/ARM/mbed-os/features/nanostack/nanostack-hal-mbed-cmsis-rtos/arm_hal_fhss_timer.o
    0x20005060   0x00000040   Zero   RW        24348    .bss                BUILD/NRF51_DK/ARM/mbed-os/hal/mbed_lp_ticker_api.o
    0x200050a0   0x00000040   Zero   RW        24414    .bss                BUILD/NRF51_DK/ARM/mbed-os/hal/mbed_us_ticker_api.o
    0x200050e0   0x00000030   Zero   RW        24598    .bss                BUILD/NRF51_DK/ARM/mbed-os/platform/FileBase.o
    0x20005110   0x00000068   Zero   RW        24892    .bss                BUILD/NRF51_DK/ARM/mbed-os/platform/mbed_error.o
    0x20005178   0x00000188   Zero   RW        25106    .bss                BUILD/NRF51_DK/ARM/mbed-os/platform/mbed_retarget.o
    0x20005300   0x00000100   Zero   RW        25537    .bss                BUILD/NRF51_DK/ARM/mbed-os/rtos/TARGET_CORTEX/TOOLCHAIN_ARM_STD/mbed_boot_arm_std.o
    0x20005400   0x00001098   Zero   RW        25569    .bss                BUILD/NRF51_DK/ARM/mbed-os/rtos/TARGET_CORTEX/mbed_rtos_rtx.o
    0x20006498   0x00000038   Zero   RW        25612    .bss                BUILD/NRF51_DK/ARM/mbed-os/rtos/TARGET_CORTEX/mbed_rtx_idle.o
    0x200064d0   0x00000014   Zero   RW        26397    .bss                BUILD/NRF51_DK/ARM/mbed-os/targets/TARGET_NORDIC/TARGET_NRF5x/TARGET_NRF51/TARGET_MCU_NRF51822_UNIFIED/sdk/drivers_nrf/adc/nrf_drv_adc.o
    0x200064e4   0x00000080   Zero   RW        26495    .bss                BUILD/NRF51_DK/ARM/mbed-os/targets/TARGET_NORDIC/TARGET_NRF5x/TARGET_NRF51/serial_api.o
    0x20006564   0x00000018   Zero   RW        26549    .bss                BUILD/NRF51_DK/ARM/mbed-os/targets/TARGET_NORDIC/TARGET_NRF5x/TARGET_NRF51/spi_api.o
    0x2000657c   0x00000034   Zero   RW        26703    .bss                BUILD/NRF51_DK/ARM/mbed-os/targets/TARGET_NORDIC/TARGET_NRF5x/TARGET_SDK_11/ble/common/ble_conn_state.o
    0x200065b0   0x0000000c   Zero   RW        27241    .bss                BUILD/NRF51_DK/ARM/mbed-os/targets/TARGET_NORDIC/TARGET_NRF5x/TARGET_SDK_11/drivers_nrf/clock/nrf_drv_clock.o
    0x200065bc   0x0000005c   Zero   RW        27303    .bss                BUILD/NRF51_DK/ARM/mbed-os/targets/TARGET_NORDIC/TARGET_NRF5x/TARGET_SDK_11/drivers_nrf/gpiote/nrf_drv_gpiote.o
    0x20006618   0x00000020   Zero   RW        27477    .bss                BUILD/NRF51_DK/ARM/mbed-os/targets/TARGET_NORDIC/TARGET_NRF5x/TARGET_SDK_11/drivers_nrf/spi_master/nrf_drv_spi.o
    0x20006638   0x00000018   Zero   RW        27495    .bss                BUILD/NRF51_DK/ARM/mbed-os/targets/TARGET_NORDIC/TARGET_NRF5x/TARGET_SDK_11/drivers_nrf/spi_slave/nrf_drv_spis.o
    0x20006650   0x00000108   Zero   RW        27604    .bss                BUILD/NRF51_DK/ARM/mbed-os/targets/TARGET_NORDIC/TARGET_NRF5x/TARGET_SDK_11/libraries/fds/fds.o
    0x20006758   0x00000058   Zero   RW        27646    .bss                BUILD/NRF51_DK/ARM/mbed-os/targets/TARGET_NORDIC/TARGET_NRF5x/TARGET_SDK_11/libraries/fstorage/fstorage.o
    0x200067b0   0x0000009b   Zero   RW        27839    .bss                BUILD/NRF51_DK/ARM/mbed-os/targets/TARGET_NORDIC/TARGET_NRF5x/gpio_api.o
    0x2000684b   0x00000001   PAD
    0x2000684c   0x00000054   Zero   RW        28141    .bss                C:\Keil_v5\ARM\ARMCC\bin\..\lib\armlib\c_p.l(stdio_streams.o)
    0x200068a0   0x00000054   Zero   RW        28142    .bss                C:\Keil_v5\ARM\ARMCC\bin\..\lib\armlib\c_p.l(stdio_streams.o)
    0x200068f4   0x00000054   Zero   RW        28143    .bss                C:\Keil_v5\ARM\ARMCC\bin\..\lib\armlib\c_p.l(stdio_streams.o)
    0x20006948   0x000000e4   Zero   RW        28165    .bss                C:\Keil_v5\ARM\ARMCC\bin\..\lib\armlib\c_p.l(rand.o)
    0x20006a2c   0x00000060   Zero   RW        28574    .bss                C:\Keil_v5\ARM\ARMCC\bin\..\lib\armlib\c_p.l(libspace.o)
    0x20006a8c   0x00000010   Zero   RW        29748    .bss__ZNSs9__nullrefE  C:\Keil_v5\ARM\ARMCC\bin\..\lib\cpplib\cpp_ps.l(vendor.o)


==============================================================================

Image component sizes


      Code (inc. data)   RO Data    RW Data    ZI Data      Debug   

    103940      10516      23924       2816      11800      71268   Object Totals
         0          0         32          0          0          0   (incl. Generated)
       140          0         32         21         11          0   (incl. Padding)
     15736        660        760         60        592      10036   Library Totals
        24          0          4          0          0          0   (incl. Padding)

==============================================================================


      Code (inc. data)   RO Data    RW Data    ZI Data      Debug   

    119676      11176      24684       2876      12392      32584   Grand Totals
    119676      11176      24684        144      12392      32584   ELF Image Totals (compressed)
    119676      11176      24684        144          0          0   ROM Totals

==============================================================================

    Total RO  Size (Code + RO Data)               144360 ( 140.98kB)
    Total RW  Size (RW Data + ZI Data)             15268 (  14.91kB)
    Total ROM Size (Code + RO Data + RW Data)     144504 ( 141.12kB)

==============================================================================

